Archive member included to satisfy reference by file (symbol)

D:/Tool/arm-none-eabi/bin/../lib/gcc/arm-none-eabi/14.2.1/thumb/v6-m/nofp\libgcc.a(_udivsi3.o)
                              CMakeFiles/dart_bms.elf.dir/Core/Src/main.c.obj (__aeabi_uidiv)
D:/Tool/arm-none-eabi/bin/../lib/gcc/arm-none-eabi/14.2.1/thumb/v6-m/nofp\libgcc.a(_dvmd_tls.o)
                              D:/Tool/arm-none-eabi/bin/../lib/gcc/arm-none-eabi/14.2.1/thumb/v6-m/nofp\libgcc.a(_udivsi3.o) (__aeabi_idiv0)
D:/Tool/arm-none-eabi/bin/../lib/gcc/arm-none-eabi/14.2.1/thumb/v6-m/nofp\libgcc.a(_aeabi_uldivmod.o)
                              CMakeFiles/dart_bms.elf.dir/Drivers/STM32L0xx_HAL_Driver/Src/stm32l0xx_hal_rcc.c.obj (__aeabi_uldivmod)
D:/Tool/arm-none-eabi/bin/../lib/gcc/arm-none-eabi/14.2.1/thumb/v6-m/nofp\libgcc.a(_muldi3.o)
                              CMakeFiles/dart_bms.elf.dir/Drivers/STM32L0xx_HAL_Driver/Src/stm32l0xx_hal_rcc.c.obj (__aeabi_lmul)
D:/Tool/arm-none-eabi/bin/../lib/gcc/arm-none-eabi/14.2.1/thumb/v6-m/nofp\libgcc.a(_udivmoddi4.o)
                              D:/Tool/arm-none-eabi/bin/../lib/gcc/arm-none-eabi/14.2.1/thumb/v6-m/nofp\libgcc.a(_aeabi_uldivmod.o) (__udivmoddi4)
D:/Tool/arm-none-eabi/bin/../lib/gcc/arm-none-eabi/14.2.1/thumb/v6-m/nofp\libgcc.a(divdf3.o)
                              CMakeFiles/dart_bms.elf.dir/Core/Src/main.c.obj (__aeabi_ddiv)
D:/Tool/arm-none-eabi/bin/../lib/gcc/arm-none-eabi/14.2.1/thumb/v6-m/nofp\libgcc.a(fixdfsi.o)
                              CMakeFiles/dart_bms.elf.dir/Core/Src/main.c.obj (__aeabi_d2iz)
D:/Tool/arm-none-eabi/bin/../lib/gcc/arm-none-eabi/14.2.1/thumb/v6-m/nofp\libgcc.a(floatsidf.o)
                              CMakeFiles/dart_bms.elf.dir/Core/Src/main.c.obj (__aeabi_i2d)
D:/Tool/arm-none-eabi/bin/../lib/gcc/arm-none-eabi/14.2.1/thumb/v6-m/nofp\libgcc.a(_clzsi2.o)
                              D:/Tool/arm-none-eabi/bin/../lib/gcc/arm-none-eabi/14.2.1/thumb/v6-m/nofp\libgcc.a(divdf3.o) (__clzsi2)
D:/Tool/arm-none-eabi/bin/../lib/gcc/arm-none-eabi/14.2.1/thumb/v6-m/nofp\libgcc.a(_clzdi2.o)
                              D:/Tool/arm-none-eabi/bin/../lib/gcc/arm-none-eabi/14.2.1/thumb/v6-m/nofp\libgcc.a(_udivmoddi4.o) (__clzdi2)
D:/Tool/arm-none-eabi/bin/../lib/gcc/arm-none-eabi/14.2.1/thumb/v6-m/nofp\libg.a(libc_a-exit.o)
                              D:/Tool/arm-none-eabi/bin/../lib/gcc/arm-none-eabi/14.2.1/thumb/v6-m/nofp/crt0.o (exit)
D:/Tool/arm-none-eabi/bin/../lib/gcc/arm-none-eabi/14.2.1/thumb/v6-m/nofp\libg.a(libc_a-findfp.o)
                              D:/Tool/arm-none-eabi/bin/../lib/gcc/arm-none-eabi/14.2.1/thumb/v6-m/nofp\libg.a(libc_a-exit.o) (__stdio_exit_handler)
D:/Tool/arm-none-eabi/bin/../lib/gcc/arm-none-eabi/14.2.1/thumb/v6-m/nofp\libg.a(libc_a-fwalk.o)
                              D:/Tool/arm-none-eabi/bin/../lib/gcc/arm-none-eabi/14.2.1/thumb/v6-m/nofp\libg.a(libc_a-findfp.o) (_fwalk_sglue)
D:/Tool/arm-none-eabi/bin/../lib/gcc/arm-none-eabi/14.2.1/thumb/v6-m/nofp\libg.a(libc_a-stdio.o)
                              D:/Tool/arm-none-eabi/bin/../lib/gcc/arm-none-eabi/14.2.1/thumb/v6-m/nofp\libg.a(libc_a-findfp.o) (__sread)
D:/Tool/arm-none-eabi/bin/../lib/gcc/arm-none-eabi/14.2.1/thumb/v6-m/nofp\libg.a(libc_a-memset.o)
                              D:/Tool/arm-none-eabi/bin/../lib/gcc/arm-none-eabi/14.2.1/thumb/v6-m/nofp/crt0.o (memset)
D:/Tool/arm-none-eabi/bin/../lib/gcc/arm-none-eabi/14.2.1/thumb/v6-m/nofp\libg.a(libc_a-closer.o)
                              D:/Tool/arm-none-eabi/bin/../lib/gcc/arm-none-eabi/14.2.1/thumb/v6-m/nofp\libg.a(libc_a-stdio.o) (_close_r)
D:/Tool/arm-none-eabi/bin/../lib/gcc/arm-none-eabi/14.2.1/thumb/v6-m/nofp\libg.a(libc_a-reent.o)
                              D:/Tool/arm-none-eabi/bin/../lib/gcc/arm-none-eabi/14.2.1/thumb/v6-m/nofp\libg.a(libc_a-closer.o) (errno)
D:/Tool/arm-none-eabi/bin/../lib/gcc/arm-none-eabi/14.2.1/thumb/v6-m/nofp\libg.a(libc_a-impure.o)
                              D:/Tool/arm-none-eabi/bin/../lib/gcc/arm-none-eabi/14.2.1/thumb/v6-m/nofp\libg.a(libc_a-reent.o) (_impure_ptr)
D:/Tool/arm-none-eabi/bin/../lib/gcc/arm-none-eabi/14.2.1/thumb/v6-m/nofp\libg.a(libc_a-lseekr.o)
                              D:/Tool/arm-none-eabi/bin/../lib/gcc/arm-none-eabi/14.2.1/thumb/v6-m/nofp\libg.a(libc_a-stdio.o) (_lseek_r)
D:/Tool/arm-none-eabi/bin/../lib/gcc/arm-none-eabi/14.2.1/thumb/v6-m/nofp\libg.a(libc_a-readr.o)
                              D:/Tool/arm-none-eabi/bin/../lib/gcc/arm-none-eabi/14.2.1/thumb/v6-m/nofp\libg.a(libc_a-stdio.o) (_read_r)
D:/Tool/arm-none-eabi/bin/../lib/gcc/arm-none-eabi/14.2.1/thumb/v6-m/nofp\libg.a(libc_a-writer.o)
                              D:/Tool/arm-none-eabi/bin/../lib/gcc/arm-none-eabi/14.2.1/thumb/v6-m/nofp\libg.a(libc_a-stdio.o) (_write_r)
D:/Tool/arm-none-eabi/bin/../lib/gcc/arm-none-eabi/14.2.1/thumb/v6-m/nofp\libg.a(libc_a-errno.o)
                              CMakeFiles/dart_bms.elf.dir/Core/Src/syscalls.c.obj (__errno)
[...]
Memory Configuration

Name             Origin             Length             Attributes
RAM              0x20000000         0x00002000         xrw
FLASH            0x08000000         0x00008000         xr
*default*        0x00000000         0xffffffff

Linker script and memory map

LOAD D:/Tool/arm-none-eabi/bin/../lib/gcc/arm-none-eabi/14.2.1/thumb/v6-m/nofp/crti.o
LOAD D:/Tool/arm-none-eabi/bin/../lib/gcc/arm-none-eabi/14.2.1/thumb/v6-m/nofp/crtbegin.o
LOAD D:/Tool/arm-none-eabi/bin/../lib/gcc/arm-none-eabi/14.2.1/thumb/v6-m/nofp/crt0.o
LOAD CMakeFiles/dart_bms.elf.dir/Core/Src/chalie_leds.c.obj
LOAD CMakeFiles/dart_bms.elf.dir/Core/Src/gpio.c.obj
LOAD CMakeFiles/dart_bms.elf.dir/Core/Src/i2c.c.obj
LOAD CMakeFiles/dart_bms.elf.dir/Core/Src/main.c.obj
LOAD CMakeFiles/dart_bms.elf.dir/Core/Src/rtc.c.obj
LOAD CMakeFiles/dart_bms.elf.dir/Core/Src/stm32l0xx_hal_msp.c.obj
LOAD CMakeFiles/dart_bms.elf.dir/Core/Src/stm32l0xx_it.c.obj
LOAD CMakeFiles/dart_bms.elf.dir/Core/Src/syscalls.c.obj
LOAD CMakeFiles/dart_bms.elf.dir/Core/Src/sysmem.c.obj
LOAD CMakeFiles/dart_bms.elf.dir/Core/Src/system_stm32l0xx.c.obj
LOAD CMakeFiles/dart_bms.elf.dir/Core/Src/tim.c.obj
LOAD CMakeFiles/dart_bms.elf.dir/Core/Startup/startup_stm32l031f6px.s.obj
LOAD CMakeFiles/dart_bms.elf.dir/Drivers/STM32L0xx_HAL_Driver/Src/stm32l0xx_hal.c.obj
LOAD CMakeFiles/dart_bms.elf.dir/Drivers/STM32L0xx_HAL_Driver/Src/stm32l0xx_hal_cortex.c.obj
LOAD CMakeFiles/dart_bms.elf.dir/Drivers/STM32L0xx_HAL_Driver/Src/stm32l0xx_hal_dma.c.obj
LOAD CMakeFiles/dart_bms.elf.dir/Drivers/STM32L0xx_HAL_Driver/Src/stm32l0xx_hal_exti.c.obj
LOAD CMakeFiles/dart_bms.elf.dir/Drivers/STM32L0xx_HAL_Driver/Src/stm32l0xx_hal_flash.c.obj
LOAD CMakeFiles/dart_bms.elf.dir/Drivers/STM32L0xx_HAL_Driver/Src/stm32l0xx_hal_flash_ex.c.obj
LOAD CMakeFiles/dart_bms.elf.dir/Drivers/STM32L0xx_HAL_Driver/Src/stm32l0xx_hal_flash_ramfunc.c.obj
LOAD CMakeFiles/dart_bms.elf.dir/Drivers/STM32L0xx_HAL_Driver/Src/stm32l0xx_hal_gpio.c.obj
LOAD CMakeFiles/dart_bms.elf.dir/Drivers/STM32L0xx_HAL_Driver/Src/stm32l0xx_hal_i2c.c.obj
LOAD CMakeFiles/dart_bms.elf.dir/Drivers/STM32L0xx_HAL_Driver/Src/stm32l0xx_hal_i2c_ex.c.obj
LOAD CMakeFiles/dart_bms.elf.dir/Drivers/STM32L0xx_HAL_Driver/Src/stm32l0xx_hal_pwr.c.obj
LOAD CMakeFiles/dart_bms.elf.dir/Drivers/STM32L0xx_HAL_Driver/Src/stm32l0xx_hal_pwr_ex.c.obj
LOAD CMakeFiles/dart_bms.elf.dir/Drivers/STM32L0xx_HAL_Driver/Src/stm32l0xx_hal_rcc.c.obj
LOAD CMakeFiles/dart_bms.elf.dir/Drivers/STM32L0xx_HAL_Driver/Src/stm32l0xx_hal_rcc_ex.c.obj
LOAD CMakeFiles/dart_bms.elf.dir/Drivers/STM32L0xx_HAL_Driver/Src/stm32l0xx_hal_rtc.c.obj
LOAD CMakeFiles/dart_bms.elf.dir/Drivers/STM32L0xx_HAL_Driver/Src/stm32l0xx_hal_rtc_ex.c.obj
LOAD CMakeFiles/dart_bms.elf.dir/Drivers/STM32L0xx_HAL_Driver/Src/stm32l0xx_hal_smbus.c.obj
LOAD CMakeFiles/dart_bms.elf.dir/Drivers/STM32L0xx_HAL_Driver/Src/stm32l0xx_hal_smbus_ex.c.obj
LOAD CMakeFiles/dart_bms.elf.dir/Drivers/STM32L0xx_HAL_Driver/Src/stm32l0xx_hal_tim.c.obj
LOAD CMakeFiles/dart_bms.elf.dir/Drivers/STM32L0xx_HAL_Driver/Src/stm32l0xx_hal_tim_ex.c.obj
START GROUP
LOAD D:/Tool/arm-none-eabi/bin/../lib/gcc/arm-none-eabi/14.2.1/thumb/v6-m/nofp\libgcc.a
LOAD D:/Tool/arm-none-eabi/bin/../lib/gcc/arm-none-eabi/14.2.1/thumb/v6-m/nofp\libg.a
LOAD D:/Tool/arm-none-eabi/bin/../lib/gcc/arm-none-eabi/14.2.1/thumb/v6-m/nofp\libc.a
END GROUP
LOAD D:/Tool/arm-none-eabi/bin/../lib/gcc/arm-none-eabi/14.2.1/thumb/v6-m/nofp/crtend.o
LOAD D:/Tool/arm-none-eabi/bin/../lib/gcc/arm-none-eabi/14.2.1/thumb/v6-m/nofp/crtn.o
                0x20002000                        _estack = (ORIGIN (RAM) + LENGTH (RAM))
                0x00000200                        _Min_Heap_Size = 0x200
                0x00000400                        _Min_Stack_Size = 0x400

.isr_vector     0x08000000       0xc0
                0x08000000                        . = ALIGN (0x4)
 *(.isr_vector)
 .isr_vector    0x08000000       0xc0 CMakeFiles/dart_bms.elf.dir/Core/Startup/startup_stm32l031f6px.s.obj
                0x08000000                g_pfnVectors
                0x080000c0                        . = ALIGN (0x4)

.text           0x080000c0     0x3ec8
                0x080000c0                        . = ALIGN (0x4)
 *(.text)
 .text          0x080000c0      0x114 D:/Tool/arm-none-eabi/bin/../lib/gcc/arm-none-eabi/14.2.1/thumb/v6-m/nofp\libgcc.a(_udivsi3.o)
                0x080000c0                __aeabi_uidiv
                0x080000c0                __udivsi3
                0x080001cc                __aeabi_uidivmod
 .text          0x080001d4        0x4 D:/Tool/arm-none-eabi/bin/../lib/gcc/arm-none-eabi/14.2.1/thumb/v6-m/nofp\libgcc.a(_dvmd_tls.o)
                0x080001d4                __aeabi_idiv0
                0x080001d4                __aeabi_ldiv0
 .text          0x080001d8       0x40 D:/Tool/arm-none-eabi/bin/../lib/gcc/arm-none-eabi/14.2.1/thumb/v6-m/nofp\libgcc.a(_aeabi_uldivmod.o)
                0x080001d8                __aeabi_uldivmod
 .text          0x08000218       0x3c D:/Tool/arm-none-eabi/bin/../lib/gcc/arm-none-eabi/14.2.1/thumb/v6-m/nofp\libgcc.a(_clzsi2.o)
                0x08000218                __clzsi2
 .text          0x08000254       0x18 D:/Tool/arm-none-eabi/bin/../lib/gcc/arm-none-eabi/14.2.1/thumb/v6-m/nofp\libgcc.a(_clzdi2.o)
                0x08000254                __clzdi2
 *(.text*)
 .text.deregister_tm_clones
                0x0800026c       0x20 D:/Tool/arm-none-eabi/bin/../lib/gcc/arm-none-eabi/14.2.1/thumb/v6-m/nofp/crtbegin.o
 .text.register_tm_clones
                0x0800028c       0x28 D:/Tool/arm-none-eabi/bin/../lib/gcc/arm-none-eabi/14.2.1/thumb/v6-m/nofp/crtbegin.o
 .text.__do_global_dtors_aux
                0x080002b4       0x2c D:/Tool/arm-none-eabi/bin/../lib/gcc/arm-none-eabi/14.2.1/thumb/v6-m/nofp/crtbegin.o
 .text.frame_dummy
                0x080002e0       0x24 D:/Tool/arm-none-eabi/bin/../lib/gcc/arm-none-eabi/14.2.1/thumb/v6-m/nofp/crtbegin.o
 .text.chalie_leds_init
                0x08000304       0x68 CMakeFiles/dart_bms.elf.dir/Core/Src/chalie_leds.c.obj
                0x08000304                chalie_leds_init
 .text.chalie_leds_set
                0x0800036c       0xe4 CMakeFiles/dart_bms.elf.dir/Core/Src/chalie_leds.c.obj
                0x0800036c                chalie_leds_set
 .text.chalie_led_code
                0x08000450       0xa4 CMakeFiles/dart_bms.elf.dir/Core/Src/chalie_leds.c.obj
                0x08000450                chalie_led_code
 .text.chalie_led_timer_update
                0x080004f4       0xc0 CMakeFiles/dart_bms.elf.dir/Core/Src/chalie_leds.c.obj
                0x080004f4                chalie_led_timer_update
 .text.MX_GPIO_Init
                0x080005b4       0x48 CMakeFiles/dart_bms.elf.dir/Core/Src/gpio.c.obj
                0x080005b4                MX_GPIO_Init
 .text.MX_I2C1_SMBUS_Init
                0x080005fc       0x48 CMakeFiles/dart_bms.elf.dir/Core/Src/i2c.c.obj
                0x080005fc                MX_I2C1_SMBUS_Init
 .text.HAL_SMBUS_MspInit
                0x08000644       0x70 CMakeFiles/dart_bms.elf.dir/Core/Src/i2c.c.obj
                0x08000644                HAL_SMBUS_MspInit
 .text.HAL_SMBUS_Master_Transmit
                0x080006b4       0x3c CMakeFiles/dart_bms.elf.dir/Core/Src/i2c.c.obj
                0x080006b4                HAL_SMBUS_Master_Transmit
 .text.HAL_SMBUS_Master_Receive
                0x080006f0       0x38 CMakeFiles/dart_bms.elf.dir/Core/Src/i2c.c.obj
                0x080006f0                HAL_SMBUS_Master_Receive
 .text.ManufacturerBlockAccess_write
                0x08000728       0x3c CMakeFiles/dart_bms.elf.dir/Core/Src/i2c.c.obj
                0x08000728                ManufacturerBlockAccess_write
 .text.HAL_SMBUS_ErrorCallback
                0x08000764        0x2 CMakeFiles/dart_bms.elf.dir/Core/Src/i2c.c.obj
                0x08000764                HAL_SMBUS_ErrorCallback
 *fill*         0x08000766        0x2 
 .text.HAL_SMBUS_ListenCpltCallback
                0x08000768       0x3c CMakeFiles/dart_bms.elf.dir/Core/Src/i2c.c.obj
                0x08000768                HAL_SMBUS_ListenCpltCallback
 .text.UpdateFetState
                0x080007a4       0x88 CMakeFiles/dart_bms.elf.dir/Core/Src/main.c.obj
                0x080007a4                UpdateFetState
 .text.UpdateLightState
                0x0800082c      0x10c CMakeFiles/dart_bms.elf.dir/Core/Src/main.c.obj
                0x0800082c                UpdateLightState
 .text.CheckPRES
                0x08000938       0x14 CMakeFiles/dart_bms.elf.dir/Core/Src/main.c.obj
                0x08000938                CheckPRES
 .text.CheckZeroLoad
                0x0800094c       0x64 CMakeFiles/dart_bms.elf.dir/Core/Src/main.c.obj
                0x0800094c                CheckZeroLoad
 .text.CheckFet
                0x080009b0       0x28 CMakeFiles/dart_bms.elf.dir/Core/Src/main.c.obj
                0x080009b0                CheckFet
 .text.UpdateBatteryStatus
                0x080009d8      0x2b4 CMakeFiles/dart_bms.elf.dir/Core/Src/main.c.obj
                0x080009d8                UpdateBatteryStatus
 .text.Error_Handler
                0x08000c8c        0x4 CMakeFiles/dart_bms.elf.dir/Core/Src/main.c.obj
                0x08000c8c                Error_Handler
 .text.SystemClock_Config
                0x08000c90       0xb0 CMakeFiles/dart_bms.elf.dir/Core/Src/main.c.obj
                0x08000c90                SystemClock_Config
 .text.Enter_Standby_Mode
                0x08000d40       0x3c CMakeFiles/dart_bms.elf.dir/Core/Src/main.c.obj
                0x08000d40                Enter_Standby_Mode
 .text.BMS_StateMachine
                0x08000d7c      0x264 CMakeFiles/dart_bms.elf.dir/Core/Src/main.c.obj
                0x08000d7c                BMS_StateMachine
 .text.main     0x08000fe0       0x4c CMakeFiles/dart_bms.elf.dir/Core/Src/main.c.obj
                0x08000fe0                main
 .text.MX_RTC_Init
                0x0800102c       0xa4 CMakeFiles/dart_bms.elf.dir/Core/Src/rtc.c.obj
                0x0800102c                MX_RTC_Init
 .text.HAL_RTC_MspInit
                0x080010d0       0x20 CMakeFiles/dart_bms.elf.dir/Core/Src/rtc.c.obj
                0x080010d0                HAL_RTC_MspInit
 .text.HAL_MspInit
                0x080010f0       0x1c CMakeFiles/dart_bms.elf.dir/Core/Src/stm32l0xx_hal_msp.c.obj
                0x080010f0                HAL_MspInit
 .text.NMI_Handler
                0x0800110c        0x2 CMakeFiles/dart_bms.elf.dir/Core/Src/stm32l0xx_it.c.obj
                0x0800110c                NMI_Handler
 .text.HardFault_Handler
                0x0800110e        0x2 CMakeFiles/dart_bms.elf.dir/Core/Src/stm32l0xx_it.c.obj
                0x0800110e                HardFault_Handler
 .text.SVC_Handler
                0x08001110        0x2 CMakeFiles/dart_bms.elf.dir/Core/Src/stm32l0xx_it.c.obj
                0x08001110                SVC_Handler
 .text.PendSV_Handler
                0x08001112        0x2 CMakeFiles/dart_bms.elf.dir/Core/Src/stm32l0xx_it.c.obj
                0x08001112                PendSV_Handler
 .text.SysTick_Handler
                0x08001114        0x8 CMakeFiles/dart_bms.elf.dir/Core/Src/stm32l0xx_it.c.obj
                0x08001114                SysTick_Handler
 .text.TIM2_IRQHandler
                0x0800111c       0x10 CMakeFiles/dart_bms.elf.dir/Core/Src/stm32l0xx_it.c.obj
                0x0800111c                TIM2_IRQHandler
 .text.TIM21_IRQHandler
                0x0800112c       0x10 CMakeFiles/dart_bms.elf.dir/Core/Src/stm32l0xx_it.c.obj
                0x0800112c                TIM21_IRQHandler
 .text.I2C1_IRQHandler
                0x0800113c       0x24 CMakeFiles/dart_bms.elf.dir/Core/Src/stm32l0xx_it.c.obj
                0x0800113c                I2C1_IRQHandler
 .text.SystemInit
                0x08001160        0x2 CMakeFiles/dart_bms.elf.dir/Core/Src/system_stm32l0xx.c.obj
                0x08001160                SystemInit
 *fill*         0x08001162        0x2 
 .text.MX_TIM2_Init
                0x08001164       0x7c CMakeFiles/dart_bms.elf.dir/Core/Src/tim.c.obj
                0x08001164                MX_TIM2_Init
 .text.MX_TIM21_Init
                0x080011e0       0x84 CMakeFiles/dart_bms.elf.dir/Core/Src/tim.c.obj
                0x080011e0                MX_TIM21_Init
 .text.HAL_TIM_Base_MspInit
                0x08001264       0x54 CMakeFiles/dart_bms.elf.dir/Core/Src/tim.c.obj
                0x08001264                HAL_TIM_Base_MspInit
 .text.HAL_TIM_PeriodElapsedCallback
                0x080012b8       0x4c CMakeFiles/dart_bms.elf.dir/Core/Src/tim.c.obj
                0x080012b8                HAL_TIM_PeriodElapsedCallback
 .text.Reset_Handler
                0x08001304       0x50 CMakeFiles/dart_bms.elf.dir/Core/Startup/startup_stm32l031f6px.s.obj
                0x08001304                Reset_Handler
 .text.Default_Handler
                0x08001354        0x2 CMakeFiles/dart_bms.elf.dir/Core/Startup/startup_stm32l031f6px.s.obj
                0x08001354                ADC1_COMP_IRQHandler
                0x08001354                PVD_IRQHandler
                0x08001354                SPI1_IRQHandler
                0x08001354                EXTI2_3_IRQHandler
                0x08001354                RTC_IRQHandler
                0x08001354                DMA1_Channel4_5_6_7_IRQHandler
                0x08001354                EXTI4_15_IRQHandler
                0x08001354                RCC_IRQHandler
                0x08001354                DMA1_Channel1_IRQHandler
                0x08001354                Default_Handler
                0x08001354                TIM22_IRQHandler
                0x08001354                EXTI0_1_IRQHandler
                0x08001354                WWDG_IRQHandler
                0x08001354                LPUART1_IRQHandler
                0x08001354                DMA1_Channel2_3_IRQHandler
                0x08001354                USART2_IRQHandler
                0x08001354                FLASH_IRQHandler
                0x08001354                LPTIM1_IRQHandler
 *fill*         0x08001356        0x2 
 .text.HAL_InitTick
                0x08001358       0x50 CMakeFiles/dart_bms.elf.dir/Drivers/STM32L0xx_HAL_Driver/Src/stm32l0xx_hal.c.obj
                0x08001358                HAL_InitTick
 .text.HAL_Init
                0x080013a8       0x28 CMakeFiles/dart_bms.elf.dir/Drivers/STM32L0xx_HAL_Driver/Src/stm32l0xx_hal.c.obj
                0x080013a8                HAL_Init
 .text.HAL_IncTick
                0x080013d0       0x18 CMakeFiles/dart_bms.elf.dir/Drivers/STM32L0xx_HAL_Driver/Src/stm32l0xx_hal.c.obj
                0x080013d0                HAL_IncTick
 .text.HAL_GetTick
                0x080013e8        0xc CMakeFiles/dart_bms.elf.dir/Drivers/STM32L0xx_HAL_Driver/Src/stm32l0xx_hal.c.obj
                0x080013e8                HAL_GetTick
 .text.__NVIC_SetPriority
                0x080013f4       0x60 CMakeFiles/dart_bms.elf.dir/Drivers/STM32L0xx_HAL_Driver/Src/stm32l0xx_hal_cortex.c.obj
 .text.SysTick_Config
                0x08001454       0x38 CMakeFiles/dart_bms.elf.dir/Drivers/STM32L0xx_HAL_Driver/Src/stm32l0xx_hal_cortex.c.obj
 .text.HAL_NVIC_SetPriority
                0x0800148c        0x8 CMakeFiles/dart_bms.elf.dir/Drivers/STM32L0xx_HAL_Driver/Src/stm32l0xx_hal_cortex.c.obj
                0x0800148c                HAL_NVIC_SetPriority
 .text.HAL_NVIC_EnableIRQ
                0x08001494       0x18 CMakeFiles/dart_bms.elf.dir/Drivers/STM32L0xx_HAL_Driver/Src/stm32l0xx_hal_cortex.c.obj
                0x08001494                HAL_NVIC_EnableIRQ
 .text.HAL_SYSTICK_Config
                0x080014ac        0x8 CMakeFiles/dart_bms.elf.dir/Drivers/STM32L0xx_HAL_Driver/Src/stm32l0xx_hal_cortex.c.obj
                0x080014ac                HAL_SYSTICK_Config
 .text.HAL_GPIO_Init
                0x080014b4      0x17c CMakeFiles/dart_bms.elf.dir/Drivers/STM32L0xx_HAL_Driver/Src/stm32l0xx_hal_gpio.c.obj
                0x080014b4                HAL_GPIO_Init
 .text.HAL_GPIO_ReadPin
                0x08001630        0xe CMakeFiles/dart_bms.elf.dir/Drivers/STM32L0xx_HAL_Driver/Src/stm32l0xx_hal_gpio.c.obj
                0x08001630                HAL_GPIO_ReadPin
 .text.HAL_GPIO_WritePin
                0x0800163e        0xc CMakeFiles/dart_bms.elf.dir/Drivers/STM32L0xx_HAL_Driver/Src/stm32l0xx_hal_gpio.c.obj
                0x0800163e                HAL_GPIO_WritePin
 *fill*         0x0800164a        0x2 
 .text.HAL_PWR_EnableBkUpAccess
                0x0800164c       0x14 CMakeFiles/dart_bms.elf.dir/Drivers/STM32L0xx_HAL_Driver/Src/stm32l0xx_hal_pwr.c.obj
                0x0800164c                HAL_PWR_EnableBkUpAccess
 .text.HAL_PWR_EnterSTANDBYMode
                0x08001660       0x20 CMakeFiles/dart_bms.elf.dir/Drivers/STM32L0xx_HAL_Driver/Src/stm32l0xx_hal_pwr.c.obj
                0x08001660                HAL_PWR_EnterSTANDBYMode
 .text.HAL_RCC_GetSysClockFreq
                0x08001680       0xb0 CMakeFiles/dart_bms.elf.dir/Drivers/STM32L0xx_HAL_Driver/Src/stm32l0xx_hal_rcc.c.obj
                0x08001680                HAL_RCC_GetSysClockFreq
 .text.HAL_RCC_OscConfig
                0x08001730      0x51c CMakeFiles/dart_bms.elf.dir/Drivers/STM32L0xx_HAL_Driver/Src/stm32l0xx_hal_rcc.c.obj
                0x08001730                HAL_RCC_OscConfig
 .text.HAL_RCC_ClockConfig
                0x08001c4c      0x1d8 CMakeFiles/dart_bms.elf.dir/Drivers/STM32L0xx_HAL_Driver/Src/stm32l0xx_hal_rcc.c.obj
                0x08001c4c                HAL_RCC_ClockConfig
 .text.HAL_RCCEx_PeriphCLKConfig
                0x08001e24      0x1a8 CMakeFiles/dart_bms.elf.dir/Drivers/STM32L0xx_HAL_Driver/Src/stm32l0xx_hal_rcc_ex.c.obj
                0x08001e24                HAL_RCCEx_PeriphCLKConfig
 .text.HAL_RTC_WaitForSynchro
                0x08001fcc       0x34 CMakeFiles/dart_bms.elf.dir/Drivers/STM32L0xx_HAL_Driver/Src/stm32l0xx_hal_rtc.c.obj
                0x08001fcc                HAL_RTC_WaitForSynchro
 .text.RTC_EnterInitMode
                0x08002000       0x46 CMakeFiles/dart_bms.elf.dir/Drivers/STM32L0xx_HAL_Driver/Src/stm32l0xx_hal_rtc.c.obj
                0x08002000                RTC_EnterInitMode
 .text.RTC_ExitInitMode
                0x08002046       0x2c CMakeFiles/dart_bms.elf.dir/Drivers/STM32L0xx_HAL_Driver/Src/stm32l0xx_hal_rtc.c.obj
                0x08002046                RTC_ExitInitMode
 *fill*         0x08002072        0x2 
 .text.HAL_RTC_Init
                0x08002074       0xac CMakeFiles/dart_bms.elf.dir/Drivers/STM32L0xx_HAL_Driver/Src/stm32l0xx_hal_rtc.c.obj
                0x08002074                HAL_RTC_Init
 .text.RTC_ByteToBcd2
                0x08002120       0x16 CMakeFiles/dart_bms.elf.dir/Drivers/STM32L0xx_HAL_Driver/Src/stm32l0xx_hal_rtc.c.obj
                0x08002120                RTC_ByteToBcd2
 *fill*         0x08002136        0x2 
 .text.HAL_RTC_SetTime
                0x08002138       0xd0 CMakeFiles/dart_bms.elf.dir/Drivers/STM32L0xx_HAL_Driver/Src/stm32l0xx_hal_rtc.c.obj
                0x08002138                HAL_RTC_SetTime
 .text.HAL_RTC_SetDate
                0x08002208       0xa8 CMakeFiles/dart_bms.elf.dir/Drivers/STM32L0xx_HAL_Driver/Src/stm32l0xx_hal_rtc.c.obj
                0x08002208                HAL_RTC_SetDate
 .text.HAL_RTCEx_SetWakeUpTimer
                0x080022b0       0xf0 CMakeFiles/dart_bms.elf.dir/Drivers/STM32L0xx_HAL_Driver/Src/stm32l0xx_hal_rtc_ex.c.obj
                0x080022b0                HAL_RTCEx_SetWakeUpTimer
 .text.HAL_RTCEx_SetWakeUpTimer_IT
                0x080023a0      0x120 CMakeFiles/dart_bms.elf.dir/Drivers/STM32L0xx_HAL_Driver/Src/stm32l0xx_hal_rtc_ex.c.obj
                0x080023a0                HAL_RTCEx_SetWakeUpTimer_IT
 .text.HAL_RTCEx_DeactivateWakeUpTimer
                0x080024c0       0x8c CMakeFiles/dart_bms.elf.dir/Drivers/STM32L0xx_HAL_Driver/Src/stm32l0xx_hal_rtc_ex.c.obj
                0x080024c0                HAL_RTCEx_DeactivateWakeUpTimer
 .text.SMBUS_Enable_IRQ
                0x0800254c       0x3c CMakeFiles/dart_bms.elf.dir/Drivers/STM32L0xx_HAL_Driver/Src/stm32l0xx_hal_smbus.c.obj
 .text.SMBUS_Disable_IRQ
                0x08002588       0x90 CMakeFiles/dart_bms.elf.dir/Drivers/STM32L0xx_HAL_Driver/Src/stm32l0xx_hal_smbus.c.obj
 .text.SMBUS_Flush_TXDR
                0x08002618       0x1e CMakeFiles/dart_bms.elf.dir/Drivers/STM32L0xx_HAL_Driver/Src/stm32l0xx_hal_smbus.c.obj
 *fill*         0x08002636        0x2 
 .text.SMBUS_TransferConfig
                0x08002638       0x30 CMakeFiles/dart_bms.elf.dir/Drivers/STM32L0xx_HAL_Driver/Src/stm32l0xx_hal_smbus.c.obj
 .text.SMBUS_ConvertOtherXferOptions
                0x08002668       0x42 CMakeFiles/dart_bms.elf.dir/Drivers/STM32L0xx_HAL_Driver/Src/stm32l0xx_hal_smbus.c.obj
 *fill*         0x080026aa        0x2 
 .text.HAL_SMBUS_Init
                0x080026ac      0x104 CMakeFiles/dart_bms.elf.dir/Drivers/STM32L0xx_HAL_Driver/Src/stm32l0xx_hal_smbus.c.obj
                0x080026ac                HAL_SMBUS_Init
 .text.HAL_SMBUS_Master_Transmit_IT
                0x080027b0       0xfc CMakeFiles/dart_bms.elf.dir/Drivers/STM32L0xx_HAL_Driver/Src/stm32l0xx_hal_smbus.c.obj
                0x080027b0                HAL_SMBUS_Master_Transmit_IT
 .text.HAL_SMBUS_Master_Receive_IT
                0x080028ac       0xe4 CMakeFiles/dart_bms.elf.dir/Drivers/STM32L0xx_HAL_Driver/Src/stm32l0xx_hal_smbus.c.obj
                0x080028ac                HAL_SMBUS_Master_Receive_IT
 .text.HAL_SMBUS_EnableListen_IT
                0x08002990       0x10 CMakeFiles/dart_bms.elf.dir/Drivers/STM32L0xx_HAL_Driver/Src/stm32l0xx_hal_smbus.c.obj
                0x08002990                HAL_SMBUS_EnableListen_IT
 .text.HAL_SMBUS_MasterTxCpltCallback
                0x080029a0        0x2 CMakeFiles/dart_bms.elf.dir/Drivers/STM32L0xx_HAL_Driver/Src/stm32l0xx_hal_smbus.c.obj
                0x080029a0                HAL_SMBUS_MasterTxCpltCallback
 .text.HAL_SMBUS_MasterRxCpltCallback
                0x080029a2        0x2 CMakeFiles/dart_bms.elf.dir/Drivers/STM32L0xx_HAL_Driver/Src/stm32l0xx_hal_smbus.c.obj
                0x080029a2                HAL_SMBUS_MasterRxCpltCallback
 .text.HAL_SMBUS_SlaveTxCpltCallback
                0x080029a4        0x2 CMakeFiles/dart_bms.elf.dir/Drivers/STM32L0xx_HAL_Driver/Src/stm32l0xx_hal_smbus.c.obj
                0x080029a4                HAL_SMBUS_SlaveTxCpltCallback
 .text.HAL_SMBUS_SlaveRxCpltCallback
                0x080029a6        0x2 CMakeFiles/dart_bms.elf.dir/Drivers/STM32L0xx_HAL_Driver/Src/stm32l0xx_hal_smbus.c.obj
                0x080029a6                HAL_SMBUS_SlaveRxCpltCallback
 .text.HAL_SMBUS_AddrCallback
                0x080029a8        0x2 CMakeFiles/dart_bms.elf.dir/Drivers/STM32L0xx_HAL_Driver/Src/stm32l0xx_hal_smbus.c.obj
                0x080029a8                HAL_SMBUS_AddrCallback
 .text.SMBUS_ITErrorHandler
                0x080029aa       0xce CMakeFiles/dart_bms.elf.dir/Drivers/STM32L0xx_HAL_Driver/Src/stm32l0xx_hal_smbus.c.obj
 .text.HAL_SMBUS_ER_IRQHandler
                0x08002a78        0x8 CMakeFiles/dart_bms.elf.dir/Drivers/STM32L0xx_HAL_Driver/Src/stm32l0xx_hal_smbus.c.obj
                0x08002a78                HAL_SMBUS_ER_IRQHandler
 .text.SMBUS_Master_ISR
                0x08002a80      0x278 CMakeFiles/dart_bms.elf.dir/Drivers/STM32L0xx_HAL_Driver/Src/stm32l0xx_hal_smbus.c.obj
 .text.SMBUS_Slave_ISR
                0x08002cf8      0x298 CMakeFiles/dart_bms.elf.dir/Drivers/STM32L0xx_HAL_Driver/Src/stm32l0xx_hal_smbus.c.obj
 .text.HAL_SMBUS_EV_IRQHandler
                0x08002f90       0xbc CMakeFiles/dart_bms.elf.dir/Drivers/STM32L0xx_HAL_Driver/Src/stm32l0xx_hal_smbus.c.obj
                0x08002f90                HAL_SMBUS_EV_IRQHandler
 .text.HAL_SMBUS_GetState
                0x0800304c        0x4 CMakeFiles/dart_bms.elf.dir/Drivers/STM32L0xx_HAL_Driver/Src/stm32l0xx_hal_smbus.c.obj
                0x0800304c                HAL_SMBUS_GetState
 .text.TIM_Base_SetConfig
                0x08003050       0x60 CMakeFiles/dart_bms.elf.dir/Drivers/STM32L0xx_HAL_Driver/Src/stm32l0xx_hal_tim.c.obj
 .text.TIM_TI1_ConfigInputStage
                0x080030b0       0x22 CMakeFiles/dart_bms.elf.dir/Drivers/STM32L0xx_HAL_Driver/Src/stm32l0xx_hal_tim.c.obj
 *fill*         0x080030d2        0x2 
 .text.TIM_TI2_ConfigInputStage
                0x080030d4       0x28 CMakeFiles/dart_bms.elf.dir/Drivers/STM32L0xx_HAL_Driver/Src/stm32l0xx_hal_tim.c.obj
 .text.TIM_ITRx_SetConfig
                0x080030fc       0x10 CMakeFiles/dart_bms.elf.dir/Drivers/STM32L0xx_HAL_Driver/Src/stm32l0xx_hal_tim.c.obj
 .text.TIM_ETR_SetConfig
                0x0800310c       0x18 CMakeFiles/dart_bms.elf.dir/Drivers/STM32L0xx_HAL_Driver/Src/stm32l0xx_hal_tim.c.obj
 .text.HAL_TIM_Base_Init
                0x08003124       0x48 CMakeFiles/dart_bms.elf.dir/Drivers/STM32L0xx_HAL_Driver/Src/stm32l0xx_hal_tim.c.obj
                0x08003124                HAL_TIM_Base_Init
 .text.HAL_TIM_Base_Start_IT
                0x0800316c       0x60 CMakeFiles/dart_bms.elf.dir/Drivers/STM32L0xx_HAL_Driver/Src/stm32l0xx_hal_tim.c.obj
                0x0800316c                HAL_TIM_Base_Start_IT
 .text.HAL_TIM_Base_Stop_IT
                0x080031cc       0x2c CMakeFiles/dart_bms.elf.dir/Drivers/STM32L0xx_HAL_Driver/Src/stm32l0xx_hal_tim.c.obj
                0x080031cc                HAL_TIM_Base_Stop_IT
 .text.HAL_TIM_ConfigClockSource
                0x080031f8      0x108 CMakeFiles/dart_bms.elf.dir/Drivers/STM32L0xx_HAL_Driver/Src/stm32l0xx_hal_tim.c.obj
                0x080031f8                HAL_TIM_ConfigClockSource
 .text.HAL_TIM_OC_DelayElapsedCallback
                0x08003300        0x2 CMakeFiles/dart_bms.elf.dir/Drivers/STM32L0xx_HAL_Driver/Src/stm32l0xx_hal_tim.c.obj
                0x08003300                HAL_TIM_OC_DelayElapsedCallback
 .text.HAL_TIM_IC_CaptureCallback
                0x08003302        0x2 CMakeFiles/dart_bms.elf.dir/Drivers/STM32L0xx_HAL_Driver/Src/stm32l0xx_hal_tim.c.obj
                0x08003302                HAL_TIM_IC_CaptureCallback
 .text.HAL_TIM_PWM_PulseFinishedCallback
                0x08003304        0x2 CMakeFiles/dart_bms.elf.dir/Drivers/STM32L0xx_HAL_Driver/Src/stm32l0xx_hal_tim.c.obj
                0x08003304                HAL_TIM_PWM_PulseFinishedCallback
 .text.HAL_TIM_TriggerCallback
                0x08003306        0x2 CMakeFiles/dart_bms.elf.dir/Drivers/STM32L0xx_HAL_Driver/Src/stm32l0xx_hal_tim.c.obj
                0x08003306                HAL_TIM_TriggerCallback
 .text.HAL_TIM_IRQHandler
                0x08003308      0x122 CMakeFiles/dart_bms.elf.dir/Drivers/STM32L0xx_HAL_Driver/Src/stm32l0xx_hal_tim.c.obj
                0x08003308                HAL_TIM_IRQHandler
 *fill*         0x0800342a        0x2 
 .text.HAL_TIMEx_MasterConfigSynchronization
                0x0800342c       0x64 CMakeFiles/dart_bms.elf.dir/Drivers/STM32L0xx_HAL_Driver/Src/stm32l0xx_hal_tim_ex.c.obj
                0x0800342c                HAL_TIMEx_MasterConfigSynchronization
 .text.__muldi3
                0x08003490       0x5c D:/Tool/arm-none-eabi/bin/../lib/gcc/arm-none-eabi/14.2.1/thumb/v6-m/nofp\libgcc.a(_muldi3.o)
                0x08003490                __muldi3
                0x08003490                __aeabi_lmul
 .text.__udivmoddi4
                0x080034ec      0x198 D:/Tool/arm-none-eabi/bin/../lib/gcc/arm-none-eabi/14.2.1/thumb/v6-m/nofp\libgcc.a(_udivmoddi4.o)
                0x080034ec                __udivmoddi4
 .text.__aeabi_ddiv
                0x08003684      0x63c D:/Tool/arm-none-eabi/bin/../lib/gcc/arm-none-eabi/14.2.1/thumb/v6-m/nofp\libgcc.a(divdf3.o)
                0x08003684                __aeabi_ddiv
 .text.__aeabi_d2iz
                0x08003cc0       0x78 D:/Tool/arm-none-eabi/bin/../lib/gcc/arm-none-eabi/14.2.1/thumb/v6-m/nofp\libgcc.a(fixdfsi.o)
                0x08003cc0                __aeabi_d2iz
 .text.__aeabi_i2d
                0x08003d38       0x5c D:/Tool/arm-none-eabi/bin/../lib/gcc/arm-none-eabi/14.2.1/thumb/v6-m/nofp\libgcc.a(floatsidf.o)
                0x08003d38                __aeabi_i2d
 .text.memset   0x08003d94       0x94 D:/Tool/arm-none-eabi/bin/../lib/gcc/arm-none-eabi/14.2.1/thumb/v6-m/nofp\libg.a(libc_a-memset.o)
                0x08003d94                memset
 .text.__libc_init_array
                0x08003e28       0x48 D:/Tool/arm-none-eabi/bin/../lib/gcc/arm-none-eabi/14.2.1/thumb/v6-m/nofp\libg.a(libc_a-init.o)
                0x08003e28                __libc_init_array
 .text.__retarget_lock_acquire_recursive
                0x08003e70        0x4 D:/Tool/arm-none-eabi/bin/../lib/gcc/arm-none-eabi/14.2.1/thumb/v6-m/nofp\libg.a(libc_a-lock.o)
                0x08003e70                __retarget_lock_acquire_recursive
 .text.__retarget_lock_release_recursive
                0x08003e74        0x4 D:/Tool/arm-none-eabi/bin/../lib/gcc/arm-none-eabi/14.2.1/thumb/v6-m/nofp\libg.a(libc_a-lock.o)
                0x08003e74                __retarget_lock_release_recursive
 .text.startup.register_fini
                0x08003e78       0x18 D:/Tool/arm-none-eabi/bin/../lib/gcc/arm-none-eabi/14.2.1/thumb/v6-m/nofp\libg.a(libc_a-__call_atexit.o)
 .text.atexit   0x08003e90       0x10 D:/Tool/arm-none-eabi/bin/../lib/gcc/arm-none-eabi/14.2.1/thumb/v6-m/nofp\libg.a(libc_a-atexit.o)
                0x08003e90                atexit
 .text.__libc_fini_array
                0x08003ea0       0x28 D:/Tool/arm-none-eabi/bin/../lib/gcc/arm-none-eabi/14.2.1/thumb/v6-m/nofp\libg.a(libc_a-fini.o)
                0x08003ea0                __libc_fini_array
 .text.__register_exitproc
                0x08003ec8       0xa8 D:/Tool/arm-none-eabi/bin/../lib/gcc/arm-none-eabi/14.2.1/thumb/v6-m/nofp\libg.a(libc_a-__atexit.o)
                0x08003ec8                __register_exitproc
 *(.glue_7)
 .glue_7        0x08003f70        0x0 linker stubs
 *(.glue_7t)
 .glue_7t       0x08003f70        0x0 linker stubs
 *(.eh_frame)
 .eh_frame      0x08003f70        0x0 D:/Tool/arm-none-eabi/bin/../lib/gcc/arm-none-eabi/14.2.1/thumb/v6-m/nofp/crtbegin.o
 *(.init)
 .init          0x08003f70        0x4 D:/Tool/arm-none-eabi/bin/../lib/gcc/arm-none-eabi/14.2.1/thumb/v6-m/nofp/crti.o
                0x08003f70                _init
 .init          0x08003f74        0x8 D:/Tool/arm-none-eabi/bin/../lib/gcc/arm-none-eabi/14.2.1/thumb/v6-m/nofp/crtn.o
 *(.fini)
 .fini          0x08003f7c        0x4 D:/Tool/arm-none-eabi/bin/../lib/gcc/arm-none-eabi/14.2.1/thumb/v6-m/nofp/crti.o
                0x08003f7c                _fini
 .fini          0x08003f80        0x8 D:/Tool/arm-none-eabi/bin/../lib/gcc/arm-none-eabi/14.2.1/thumb/v6-m/nofp/crtn.o
                0x08003f88                        . = ALIGN (0x4)
                0x08003f88                        _etext = .

.vfp11_veneer   0x08003f88        0x0
 .vfp11_veneer  0x08003f88        0x0 linker stubs

.v4_bx          0x08003f88        0x0
 .v4_bx         0x08003f88        0x0 linker stubs

.iplt           0x08003f88        0x0
 .iplt          0x08003f88        0x0 D:/Tool/arm-none-eabi/bin/../lib/gcc/arm-none-eabi/14.2.1/thumb/v6-m/nofp/crtbegin.o

.rodata         0x08003f88       0xac
                0x08003f88                        . = ALIGN (0x4)
 *(.rodata)
 *(.rodata*)
 .rodata.chalie_led_code
                0x08003f88       0x20 CMakeFiles/dart_bms.elf.dir/Core/Src/chalie_leds.c.obj
 .rodata.UpdateLightState
                0x08003fa8       0x14 CMakeFiles/dart_bms.elf.dir/Core/Src/main.c.obj
 .rodata.BMS_StateMachine
                0x08003fbc       0x1c CMakeFiles/dart_bms.elf.dir/Core/Src/main.c.obj
 .rodata.PLLMulTable
                0x08003fd8        0x9 CMakeFiles/dart_bms.elf.dir/Core/Src/system_stm32l0xx.c.obj
                0x08003fd8                PLLMulTable
 *fill*         0x08003fe1        0x3 
 .rodata.AHBPrescTable
                0x08003fe4       0x10 CMakeFiles/dart_bms.elf.dir/Core/Src/system_stm32l0xx.c.obj
                0x08003fe4                AHBPrescTable
 .rodata.__aeabi_ddiv
                0x08003ff4       0x40 D:/Tool/arm-none-eabi/bin/../lib/gcc/arm-none-eabi/14.2.1/thumb/v6-m/nofp\libgcc.a(divdf3.o)
                0x08004034                        . = ALIGN (0x4)

.ARM.extab      0x08004034        0x0
                0x08004034                        . = ALIGN (0x4)
 *(.ARM.extab* .gnu.linkonce.armextab.*)
                0x08004034                        . = ALIGN (0x4)

.ARM            0x08004034        0x8
                0x08004034                        . = ALIGN (0x4)
                0x08004034                        __exidx_start = .
 *(.ARM.exidx*)
 .ARM.exidx.text.__udivmoddi4
                0x08004034        0x8 D:/Tool/arm-none-eabi/bin/../lib/gcc/arm-none-eabi/14.2.1/thumb/v6-m/nofp\libgcc.a(_udivmoddi4.o)
                0x0800403c                        __exidx_end = .
                0x0800403c                        . = ALIGN (0x4)

.preinit_array  0x0800403c        0x0
                0x0800403c                        . = ALIGN (0x4)
                0x0800403c                        PROVIDE (__preinit_array_start = .)
 *(.preinit_array*)
                0x0800403c                        PROVIDE (__preinit_array_end = .)
                0x0800403c                        . = ALIGN (0x4)

.init_array     0x0800403c        0x8
                0x0800403c                        . = ALIGN (0x4)
                0x0800403c                        PROVIDE (__init_array_start = .)
 *(SORT_BY_NAME(.init_array.*))
 .init_array.00000
                0x0800403c        0x4 D:/Tool/arm-none-eabi/bin/../lib/gcc/arm-none-eabi/14.2.1/thumb/v6-m/nofp\libg.a(libc_a-__call_atexit.o)
 *(.init_array*)
 .init_array    0x08004040        0x4 D:/Tool/arm-none-eabi/bin/../lib/gcc/arm-none-eabi/14.2.1/thumb/v6-m/nofp/crtbegin.o
                0x08004044                        PROVIDE (__init_array_end = .)
                0x08004044                        . = ALIGN (0x4)

.fini_array     0x08004044        0x4
                0x08004044                        . = ALIGN (0x4)
                0x08004044                        PROVIDE (__fini_array_start = .)
 *(SORT_BY_NAME(.fini_array.*))
 *(.fini_array*)
 .fini_array    0x08004044        0x4 D:/Tool/arm-none-eabi/bin/../lib/gcc/arm-none-eabi/14.2.1/thumb/v6-m/nofp/crtbegin.o
                0x08004048                        PROVIDE (__fini_array_end = .)
                0x08004048                        . = ALIGN (0x4)
                0x08004048                        _sidata = LOADADDR (.data)

.rel.dyn        0x08004048        0x0
 .rel.iplt      0x08004048        0x0 D:/Tool/arm-none-eabi/bin/../lib/gcc/arm-none-eabi/14.2.1/thumb/v6-m/nofp/crtbegin.o

.data           0x20000000       0x14 load address 0x08004048
                0x20000000                        . = ALIGN (0x4)
                0x20000000                        _sdata = .
 *(.data)
 *(.data*)
 .data.bq40z50_address
                0x20000000        0x1 CMakeFiles/dart_bms.elf.dir/Core/Src/main.c.obj
                0x20000000                bq40z50_address
 .data.is_status_new
                0x20000001        0x1 CMakeFiles/dart_bms.elf.dir/Core/Src/main.c.obj
                0x20000001                is_status_new
 *fill*         0x20000002        0x2 
 .data.SystemCoreClock
                0x20000004        0x4 CMakeFiles/dart_bms.elf.dir/Core/Src/system_stm32l0xx.c.obj
                0x20000004                SystemCoreClock
 .data.uwTickFreq
                0x20000008        0x1 CMakeFiles/dart_bms.elf.dir/Drivers/STM32L0xx_HAL_Driver/Src/stm32l0xx_hal.c.obj
                0x20000008                uwTickFreq
 *fill*         0x20000009        0x3 
 .data.uwTickPrio
                0x2000000c        0x4 CMakeFiles/dart_bms.elf.dir/Drivers/STM32L0xx_HAL_Driver/Src/stm32l0xx_hal.c.obj
                0x2000000c                uwTickPrio
 .data.__atexit_recursive_mutex
                0x20000010        0x4 D:/Tool/arm-none-eabi/bin/../lib/gcc/arm-none-eabi/14.2.1/thumb/v6-m/nofp\libg.a(libc_a-__call_atexit.o)
                0x20000010                __atexit_recursive_mutex
 *(.RamFunc)
 *(.RamFunc*)
                0x20000014                        . = ALIGN (0x4)
                0x20000014                        _edata = .

.tm_clone_table
                0x20000014        0x0 load address 0x0800405c
 .tm_clone_table
                0x20000014        0x0 D:/Tool/arm-none-eabi/bin/../lib/gcc/arm-none-eabi/14.2.1/thumb/v6-m/nofp/crtbegin.o
 .tm_clone_table
                0x20000014        0x0 D:/Tool/arm-none-eabi/bin/../lib/gcc/arm-none-eabi/14.2.1/thumb/v6-m/nofp/crtend.o

.igot.plt       0x20000014        0x0 load address 0x0800405c
 .igot.plt      0x20000014        0x0 D:/Tool/arm-none-eabi/bin/../lib/gcc/arm-none-eabi/14.2.1/thumb/v6-m/nofp/crtbegin.o
                0x20000014                        . = ALIGN (0x4)

.bss            0x20000014      0x35c load address 0x0800405c
                0x20000014                        _sbss = .
                0x20000014                        __bss_start__ = _sbss
 *(.bss)
 *(.bss*)
 .bss.completed.1
                0x20000014        0x1 D:/Tool/arm-none-eabi/bin/../lib/gcc/arm-none-eabi/14.2.1/thumb/v6-m/nofp/crtbegin.o
 *fill*         0x20000015        0x3 
 .bss.object.0  0x20000018       0x18 D:/Tool/arm-none-eabi/bin/../lib/gcc/arm-none-eabi/14.2.1/thumb/v6-m/nofp/crtbegin.o
 .bss.led_state_internal.0
                0x20000030        0x4 CMakeFiles/dart_bms.elf.dir/Core/Src/chalie_leds.c.obj
 .bss.led_period_state_max.1
                0x20000034        0x1 CMakeFiles/dart_bms.elf.dir/Core/Src/chalie_leds.c.obj
 .bss.led_period_state.2
                0x20000035        0x1 CMakeFiles/dart_bms.elf.dir/Core/Src/chalie_leds.c.obj
 .bss.led_state_machine.3
                0x20000036        0x1 CMakeFiles/dart_bms.elf.dir/Core/Src/chalie_leds.c.obj
 *fill*         0x20000037        0x1 
 .bss.led_state
                0x20000038        0x4 CMakeFiles/dart_bms.elf.dir/Core/Src/chalie_leds.c.obj
                0x20000038                led_state
 .bss.hsmbus1   0x2000003c       0x50 CMakeFiles/dart_bms.elf.dir/Core/Src/i2c.c.obj
                0x2000003c                hsmbus1
 .bss.Periph    0x2000008c        0x1 CMakeFiles/dart_bms.elf.dir/Core/Src/i2c.c.obj
                0x2000008c                Periph
 .bss.is_transmitting
                0x2000008d        0x1 CMakeFiles/dart_bms.elf.dir/Core/Src/i2c.c.obj
 .bss.first_byte_state
                0x2000008e        0x1 CMakeFiles/dart_bms.elf.dir/Core/Src/i2c.c.obj
 .bss.offset_tx
                0x2000008f        0x1 CMakeFiles/dart_bms.elf.dir/Core/Src/i2c.c.obj
 .bss.offset_rx
                0x20000090        0x1 CMakeFiles/dart_bms.elf.dir/Core/Src/i2c.c.obj
 *fill*         0x20000091        0x3 
 .bss.Operation_Status_BIN
                0x20000094       0x20 CMakeFiles/dart_bms.elf.dir/Core/Src/main.c.obj
 .bss.Operation_Status_HEX
                0x200000b4        0x7 CMakeFiles/dart_bms.elf.dir/Core/Src/main.c.obj
 *fill*         0x200000bb        0x1 
 .bss.Safety_Alert_BIN
                0x200000bc       0x20 CMakeFiles/dart_bms.elf.dir/Core/Src/main.c.obj
 .bss.Safety_Alert_HEX
                0x200000dc        0x7 CMakeFiles/dart_bms.elf.dir/Core/Src/main.c.obj
 *fill*         0x200000e3        0x1 
 .bss.Manufacturing_Status_BIN
                0x200000e4       0x10 CMakeFiles/dart_bms.elf.dir/Core/Src/main.c.obj
 .bss.Manufacturing_Status_HEX
                0x200000f4        0x5 CMakeFiles/dart_bms.elf.dir/Core/Src/main.c.obj
 *fill*         0x200000f9        0x3 
 .bss.battery_status_BIN
                0x200000fc       0x10 CMakeFiles/dart_bms.elf.dir/Core/Src/main.c.obj
 .bss.code      0x2000010c        0x4 CMakeFiles/dart_bms.elf.dir/Core/Src/main.c.obj
                0x2000010c                code
 .bss.smbus_status
                0x20000110        0x1 CMakeFiles/dart_bms.elf.dir/Core/Src/main.c.obj
                0x20000110                smbus_status
 *fill*         0x20000111        0x1 
 .bss.battery_status
                0x20000112        0x2 CMakeFiles/dart_bms.elf.dir/Core/Src/main.c.obj
                0x20000112                battery_status
 .bss.soc       0x20000114        0x1 CMakeFiles/dart_bms.elf.dir/Core/Src/main.c.obj
                0x20000114                soc
 *fill*         0x20000115        0x1 
 .bss.voltage   0x20000116        0x2 CMakeFiles/dart_bms.elf.dir/Core/Src/main.c.obj
                0x20000116                voltage
 .bss.current   0x20000118        0x2 CMakeFiles/dart_bms.elf.dir/Core/Src/main.c.obj
                0x20000118                current
 .bss.read      0x2000011a        0x1 CMakeFiles/dart_bms.elf.dir/Core/Src/main.c.obj
                0x2000011a                read
 *fill*         0x2000011b        0x1 
 .bss.key_press_start_time
                0x2000011c        0x4 CMakeFiles/dart_bms.elf.dir/Core/Src/main.c.obj
                0x2000011c                key_press_start_time
 .bss.first_time_zero_load
                0x20000120        0x1 CMakeFiles/dart_bms.elf.dir/Core/Src/main.c.obj
                0x20000120                first_time_zero_load
 *fill*         0x20000121        0x3 
 .bss.zero_load_time
                0x20000124        0x4 CMakeFiles/dart_bms.elf.dir/Core/Src/main.c.obj
                0x20000124                zero_load_time
 .bss.zero_load_state
                0x20000128        0x1 CMakeFiles/dart_bms.elf.dir/Core/Src/main.c.obj
                0x20000128                zero_load_state
 .bss.pres_state
                0x20000129        0x1 CMakeFiles/dart_bms.elf.dir/Core/Src/main.c.obj
                0x20000129                pres_state
 .bss.current_light_state
                0x2000012a        0x1 CMakeFiles/dart_bms.elf.dir/Core/Src/main.c.obj
                0x2000012a                current_light_state
 .bss.current_fet_state
                0x2000012b        0x1 CMakeFiles/dart_bms.elf.dir/Core/Src/main.c.obj
                0x2000012b                current_fet_state
 .bss.current_bms_state
                0x2000012c        0x1 CMakeFiles/dart_bms.elf.dir/Core/Src/main.c.obj
                0x2000012c                current_bms_state
 .bss.last_timer_it_state
                0x2000012d        0x1 CMakeFiles/dart_bms.elf.dir/Core/Src/main.c.obj
                0x2000012d                last_timer_it_state
 .bss.display_active
                0x2000012e        0x1 CMakeFiles/dart_bms.elf.dir/Core/Src/main.c.obj
                0x2000012e                display_active
 *fill*         0x2000012f        0x1 
 .bss.hrtc      0x20000130       0x24 CMakeFiles/dart_bms.elf.dir/Core/Src/rtc.c.obj
                0x20000130                hrtc
 .bss.htim21    0x20000154       0x40 CMakeFiles/dart_bms.elf.dir/Core/Src/tim.c.obj
                0x20000154                htim21
 .bss.htim2     0x20000194       0x40 CMakeFiles/dart_bms.elf.dir/Core/Src/tim.c.obj
                0x20000194                htim2
 .bss.uwTick    0x200001d4        0x4 CMakeFiles/dart_bms.elf.dir/Drivers/STM32L0xx_HAL_Driver/Src/stm32l0xx_hal.c.obj
                0x200001d4                uwTick
 .bss.__lock___atexit_recursive_mutex
                0x200001d8        0x1 D:/Tool/arm-none-eabi/bin/../lib/gcc/arm-none-eabi/14.2.1/thumb/v6-m/nofp\libg.a(libc_a-lock.o)
                0x200001d8                __lock___atexit_recursive_mutex
 *fill*         0x200001d9        0x3 
 .bss.__atexit  0x200001dc        0x4 D:/Tool/arm-none-eabi/bin/../lib/gcc/arm-none-eabi/14.2.1/thumb/v6-m/nofp\libg.a(libc_a-__call_atexit.o)
                0x200001dc                __atexit
 .bss.__atexit0
                0x200001e0      0x190 D:/Tool/arm-none-eabi/bin/../lib/gcc/arm-none-eabi/14.2.1/thumb/v6-m/nofp\libg.a(libc_a-__atexit.o)
                0x200001e0                __atexit0
 *(COMMON)
                0x20000370                        . = ALIGN (0x4)
                0x20000370                        _ebss = .
                0x20000370                        __bss_end__ = _ebss

._user_heap_stack
                0x20000370      0x600 load address 0x0800405c
                0x20000370                        . = ALIGN (0x8)
                [!provide]                        PROVIDE (end = .)
                0x20000370                        PROVIDE (_end = .)
                0x20000570                        . = (. + _Min_Heap_Size)
 *fill*         0x20000370      0x200 
                0x20000970                        . = (. + _Min_Stack_Size)
 *fill*         0x20000570      0x400 
                0x20000970                        . = ALIGN (0x8)

/DISCARD/
 libc.a(*)
 libm.a(*)
 libgcc.a(*)

.ARM.attributes
                0x00000000       0x28
 *(.ARM.attributes)
 .ARM.attributes
                0x00000000       0x1e D:/Tool/arm-none-eabi/bin/../lib/gcc/arm-none-eabi/14.2.1/thumb/v6-m/nofp/crti.o
 .ARM.attributes
                0x0000001e       0x2c D:/Tool/arm-none-eabi/bin/../lib/gcc/arm-none-eabi/14.2.1/thumb/v6-m/nofp/crtbegin.o
 .ARM.attributes
                0x0000004a       0x2c CMakeFiles/dart_bms.elf.dir/Core/Src/chalie_leds.c.obj
 .ARM.attributes
                0x00000076       0x2c CMakeFiles/dart_bms.elf.dir/Core/Src/gpio.c.obj
 .ARM.attributes
                0x000000a2       0x2c CMakeFiles/dart_bms.elf.dir/Core/Src/i2c.c.obj
 .ARM.attributes
                0x000000ce       0x2c CMakeFiles/dart_bms.elf.dir/Core/Src/main.c.obj
 .ARM.attributes
                0x000000fa       0x2c CMakeFiles/dart_bms.elf.dir/Core/Src/rtc.c.obj
 .ARM.attributes
                0x00000126       0x2c CMakeFiles/dart_bms.elf.dir/Core/Src/stm32l0xx_hal_msp.c.obj
 .ARM.attributes
                0x00000152       0x2c CMakeFiles/dart_bms.elf.dir/Core/Src/stm32l0xx_it.c.obj
 .ARM.attributes
                0x0000017e       0x2c CMakeFiles/dart_bms.elf.dir/Core/Src/system_stm32l0xx.c.obj
 .ARM.attributes
                0x000001aa       0x2c CMakeFiles/dart_bms.elf.dir/Core/Src/tim.c.obj
 .ARM.attributes
                0x000001d6       0x22 CMakeFiles/dart_bms.elf.dir/Core/Startup/startup_stm32l031f6px.s.obj
 .ARM.attributes
                0x000001f8       0x2c CMakeFiles/dart_bms.elf.dir/Drivers/STM32L0xx_HAL_Driver/Src/stm32l0xx_hal.c.obj
 .ARM.attributes
                0x00000224       0x2c CMakeFiles/dart_bms.elf.dir/Drivers/STM32L0xx_HAL_Driver/Src/stm32l0xx_hal_cortex.c.obj
 .ARM.attributes
                0x00000250       0x2c CMakeFiles/dart_bms.elf.dir/Drivers/STM32L0xx_HAL_Driver/Src/stm32l0xx_hal_gpio.c.obj
 .ARM.attributes
                0x0000027c       0x2c CMakeFiles/dart_bms.elf.dir/Drivers/STM32L0xx_HAL_Driver/Src/stm32l0xx_hal_pwr.c.obj
 .ARM.attributes
                0x000002a8       0x2c CMakeFiles/dart_bms.elf.dir/Drivers/STM32L0xx_HAL_Driver/Src/stm32l0xx_hal_rcc.c.obj
 .ARM.attributes
                0x000002d4       0x2c CMakeFiles/dart_bms.elf.dir/Drivers/STM32L0xx_HAL_Driver/Src/stm32l0xx_hal_rcc_ex.c.obj
 .ARM.attributes
                0x00000300       0x2c CMakeFiles/dart_bms.elf.dir/Drivers/STM32L0xx_HAL_Driver/Src/stm32l0xx_hal_rtc.c.obj
 .ARM.attributes
                0x0000032c       0x2c CMakeFiles/dart_bms.elf.dir/Drivers/STM32L0xx_HAL_Driver/Src/stm32l0xx_hal_rtc_ex.c.obj
 .ARM.attributes
                0x00000358       0x2c CMakeFiles/dart_bms.elf.dir/Drivers/STM32L0xx_HAL_Driver/Src/stm32l0xx_hal_smbus.c.obj
 .ARM.attributes
                0x00000384       0x2c CMakeFiles/dart_bms.elf.dir/Drivers/STM32L0xx_HAL_Driver/Src/stm32l0xx_hal_tim.c.obj
 .ARM.attributes
                0x000003b0       0x2c CMakeFiles/dart_bms.elf.dir/Drivers/STM32L0xx_HAL_Driver/Src/stm32l0xx_hal_tim_ex.c.obj
 .ARM.attributes
                0x000003dc       0x1e D:/Tool/arm-none-eabi/bin/../lib/gcc/arm-none-eabi/14.2.1/thumb/v6-m/nofp\libgcc.a(_udivsi3.o)
 .ARM.attributes
                0x000003fa       0x1e D:/Tool/arm-none-eabi/bin/../lib/gcc/arm-none-eabi/14.2.1/thumb/v6-m/nofp\libgcc.a(_dvmd_tls.o)
 .ARM.attributes
                0x00000418       0x1e D:/Tool/arm-none-eabi/bin/../lib/gcc/arm-none-eabi/14.2.1/thumb/v6-m/nofp\libgcc.a(_aeabi_uldivmod.o)
 .ARM.attributes
                0x00000436       0x2c D:/Tool/arm-none-eabi/bin/../lib/gcc/arm-none-eabi/14.2.1/thumb/v6-m/nofp\libgcc.a(_muldi3.o)
 .ARM.attributes
                0x00000462       0x2c D:/Tool/arm-none-eabi/bin/../lib/gcc/arm-none-eabi/14.2.1/thumb/v6-m/nofp\libgcc.a(_udivmoddi4.o)
 .ARM.attributes
                0x0000048e       0x2c D:/Tool/arm-none-eabi/bin/../lib/gcc/arm-none-eabi/14.2.1/thumb/v6-m/nofp\libgcc.a(divdf3.o)
 .ARM.attributes
                0x000004ba       0x2c D:/Tool/arm-none-eabi/bin/../lib/gcc/arm-none-eabi/14.2.1/thumb/v6-m/nofp\libgcc.a(fixdfsi.o)
 .ARM.attributes
                0x000004e6       0x2c D:/Tool/arm-none-eabi/bin/../lib/gcc/arm-none-eabi/14.2.1/thumb/v6-m/nofp\libgcc.a(floatsidf.o)
 .ARM.attributes
                0x00000512       0x1e D:/Tool/arm-none-eabi/bin/../lib/gcc/arm-none-eabi/14.2.1/thumb/v6-m/nofp\libgcc.a(_clzsi2.o)
 .ARM.attributes
                0x00000530       0x1e D:/Tool/arm-none-eabi/bin/../lib/gcc/arm-none-eabi/14.2.1/thumb/v6-m/nofp\libgcc.a(_clzdi2.o)
 .ARM.attributes
                0x0000054e       0x2c D:/Tool/arm-none-eabi/bin/../lib/gcc/arm-none-eabi/14.2.1/thumb/v6-m/nofp\libg.a(libc_a-memset.o)
 .ARM.attributes
                0x0000057a       0x2c D:/Tool/arm-none-eabi/bin/../lib/gcc/arm-none-eabi/14.2.1/thumb/v6-m/nofp\libg.a(libc_a-init.o)
 .ARM.attributes
                0x000005a6       0x2c D:/Tool/arm-none-eabi/bin/../lib/gcc/arm-none-eabi/14.2.1/thumb/v6-m/nofp\libg.a(libc_a-lock.o)
 .ARM.attributes
                0x000005d2       0x2c D:/Tool/arm-none-eabi/bin/../lib/gcc/arm-none-eabi/14.2.1/thumb/v6-m/nofp\libg.a(libc_a-__call_atexit.o)
 .ARM.attributes
                0x000005fe       0x2c D:/Tool/arm-none-eabi/bin/../lib/gcc/arm-none-eabi/14.2.1/thumb/v6-m/nofp\libg.a(libc_a-atexit.o)
 .ARM.attributes
                0x0000062a       0x2c D:/Tool/arm-none-eabi/bin/../lib/gcc/arm-none-eabi/14.2.1/thumb/v6-m/nofp\libg.a(libc_a-fini.o)
 .ARM.attributes
                0x00000656       0x2c D:/Tool/arm-none-eabi/bin/../lib/gcc/arm-none-eabi/14.2.1/thumb/v6-m/nofp\libg.a(libc_a-__atexit.o)
 .ARM.attributes
                0x00000682       0x2c D:/Tool/arm-none-eabi/bin/../lib/gcc/arm-none-eabi/14.2.1/thumb/v6-m/nofp/crtend.o
 .ARM.attributes
                0x000006ae       0x1e D:/Tool/arm-none-eabi/bin/../lib/gcc/arm-none-eabi/14.2.1/thumb/v6-m/nofp/crtn.o
OUTPUT(dart_bms.elf elf32-littlearm)
LOAD linker stubs
LOAD D:/Tool/arm-none-eabi/bin/../lib/gcc/arm-none-eabi/14.2.1/thumb/v6-m/nofp\libc.a
LOAD D:/Tool/arm-none-eabi/bin/../lib/gcc/arm-none-eabi/14.2.1/thumb/v6-m/nofp\libm.a
LOAD D:/Tool/arm-none-eabi/bin/../lib/gcc/arm-none-eabi/14.2.1/thumb/v6-m/nofp\libgcc.a

.debug_info     0x00000000     0xfc49
 .debug_info    0x00000000      0x794 CMakeFiles/dart_bms.elf.dir/Core/Src/chalie_leds.c.obj
 .debug_info    0x00000794      0x352 CMakeFiles/dart_bms.elf.dir/Core/Src/gpio.c.obj
 .debug_info    0x00000ae6      0xcbb CMakeFiles/dart_bms.elf.dir/Core/Src/i2c.c.obj
 .debug_info    0x000017a1     0x1f5a CMakeFiles/dart_bms.elf.dir/Core/Src/main.c.obj
 .debug_info    0x000036fb      0x6cf CMakeFiles/dart_bms.elf.dir/Core/Src/rtc.c.obj
 .debug_info    0x00003dca      0x1b6 CMakeFiles/dart_bms.elf.dir/Core/Src/stm32l0xx_hal_msp.c.obj
 .debug_info    0x00003f80      0x915 CMakeFiles/dart_bms.elf.dir/Core/Src/stm32l0xx_it.c.obj
 .debug_info    0x00004895      0x309 CMakeFiles/dart_bms.elf.dir/Core/Src/system_stm32l0xx.c.obj
 .debug_info    0x00004b9e      0xcd0 CMakeFiles/dart_bms.elf.dir/Core/Src/tim.c.obj
 .debug_info    0x0000586e       0x30 CMakeFiles/dart_bms.elf.dir/Core/Startup/startup_stm32l031f6px.s.obj
 .debug_info    0x0000589e      0x8ba CMakeFiles/dart_bms.elf.dir/Drivers/STM32L0xx_HAL_Driver/Src/stm32l0xx_hal.c.obj
 .debug_info    0x00006158      0x7b5 CMakeFiles/dart_bms.elf.dir/Drivers/STM32L0xx_HAL_Driver/Src/stm32l0xx_hal_cortex.c.obj
 .debug_info    0x0000690d      0x65e CMakeFiles/dart_bms.elf.dir/Drivers/STM32L0xx_HAL_Driver/Src/stm32l0xx_hal_gpio.c.obj
 .debug_info    0x00006f6b      0x635 CMakeFiles/dart_bms.elf.dir/Drivers/STM32L0xx_HAL_Driver/Src/stm32l0xx_hal_pwr.c.obj
 .debug_info    0x000075a0      0xc71 CMakeFiles/dart_bms.elf.dir/Drivers/STM32L0xx_HAL_Driver/Src/stm32l0xx_hal_rcc.c.obj
 .debug_info    0x00008211      0x500 CMakeFiles/dart_bms.elf.dir/Drivers/STM32L0xx_HAL_Driver/Src/stm32l0xx_hal_rcc_ex.c.obj
 .debug_info    0x00008711      0xf33 CMakeFiles/dart_bms.elf.dir/Drivers/STM32L0xx_HAL_Driver/Src/stm32l0xx_hal_rtc.c.obj
 .debug_info    0x00009644     0x113d CMakeFiles/dart_bms.elf.dir/Drivers/STM32L0xx_HAL_Driver/Src/stm32l0xx_hal_rtc_ex.c.obj
 .debug_info    0x0000a781     0x148e CMakeFiles/dart_bms.elf.dir/Drivers/STM32L0xx_HAL_Driver/Src/stm32l0xx_hal_smbus.c.obj
 .debug_info    0x0000bc0f     0x3975 CMakeFiles/dart_bms.elf.dir/Drivers/STM32L0xx_HAL_Driver/Src/stm32l0xx_hal_tim.c.obj
 .debug_info    0x0000f584      0x6c5 CMakeFiles/dart_bms.elf.dir/Drivers/STM32L0xx_HAL_Driver/Src/stm32l0xx_hal_tim_ex.c.obj

.debug_abbrev   0x00000000     0x2958
 .debug_abbrev  0x00000000      0x218 CMakeFiles/dart_bms.elf.dir/Core/Src/chalie_leds.c.obj
 .debug_abbrev  0x00000218      0x157 CMakeFiles/dart_bms.elf.dir/Core/Src/gpio.c.obj
 .debug_abbrev  0x0000036f      0x28e CMakeFiles/dart_bms.elf.dir/Core/Src/i2c.c.obj
 .debug_abbrev  0x000005fd      0x399 CMakeFiles/dart_bms.elf.dir/Core/Src/main.c.obj
 .debug_abbrev  0x00000996      0x198 CMakeFiles/dart_bms.elf.dir/Core/Src/rtc.c.obj
 .debug_abbrev  0x00000b2e       0x9d CMakeFiles/dart_bms.elf.dir/Core/Src/stm32l0xx_hal_msp.c.obj
 .debug_abbrev  0x00000bcb      0x1ac CMakeFiles/dart_bms.elf.dir/Core/Src/stm32l0xx_it.c.obj
 .debug_abbrev  0x00000d77      0x136 CMakeFiles/dart_bms.elf.dir/Core/Src/system_stm32l0xx.c.obj
 .debug_abbrev  0x00000ead      0x236 CMakeFiles/dart_bms.elf.dir/Core/Src/tim.c.obj
 .debug_abbrev  0x000010e3       0x24 CMakeFiles/dart_bms.elf.dir/Core/Startup/startup_stm32l031f6px.s.obj
 .debug_abbrev  0x00001107      0x2a2 CMakeFiles/dart_bms.elf.dir/Drivers/STM32L0xx_HAL_Driver/Src/stm32l0xx_hal.c.obj
 .debug_abbrev  0x000013a9      0x2d0 CMakeFiles/dart_bms.elf.dir/Drivers/STM32L0xx_HAL_Driver/Src/stm32l0xx_hal_cortex.c.obj
 .debug_abbrev  0x00001679      0x1e6 CMakeFiles/dart_bms.elf.dir/Drivers/STM32L0xx_HAL_Driver/Src/stm32l0xx_hal_gpio.c.obj
 .debug_abbrev  0x0000185f      0x192 CMakeFiles/dart_bms.elf.dir/Drivers/STM32L0xx_HAL_Driver/Src/stm32l0xx_hal_pwr.c.obj
 .debug_abbrev  0x000019f1      0x2d5 CMakeFiles/dart_bms.elf.dir/Drivers/STM32L0xx_HAL_Driver/Src/stm32l0xx_hal_rcc.c.obj
 .debug_abbrev  0x00001cc6      0x1de CMakeFiles/dart_bms.elf.dir/Drivers/STM32L0xx_HAL_Driver/Src/stm32l0xx_hal_rcc_ex.c.obj
 .debug_abbrev  0x00001ea4      0x224 CMakeFiles/dart_bms.elf.dir/Drivers/STM32L0xx_HAL_Driver/Src/stm32l0xx_hal_rtc.c.obj
 .debug_abbrev  0x000020c8      0x24b CMakeFiles/dart_bms.elf.dir/Drivers/STM32L0xx_HAL_Driver/Src/stm32l0xx_hal_rtc_ex.c.obj
 .debug_abbrev  0x00002313      0x20b CMakeFiles/dart_bms.elf.dir/Drivers/STM32L0xx_HAL_Driver/Src/stm32l0xx_hal_smbus.c.obj
 .debug_abbrev  0x0000251e      0x26a CMakeFiles/dart_bms.elf.dir/Drivers/STM32L0xx_HAL_Driver/Src/stm32l0xx_hal_tim.c.obj
 .debug_abbrev  0x00002788      0x1d0 CMakeFiles/dart_bms.elf.dir/Drivers/STM32L0xx_HAL_Driver/Src/stm32l0xx_hal_tim_ex.c.obj

.debug_loclists
                0x00000000     0x76bc
 .debug_loclists
                0x00000000      0x1ca CMakeFiles/dart_bms.elf.dir/Core/Src/chalie_leds.c.obj
 .debug_loclists
                0x000001ca      0x23c CMakeFiles/dart_bms.elf.dir/Core/Src/i2c.c.obj
 .debug_loclists
                0x00000406      0x1a7 CMakeFiles/dart_bms.elf.dir/Core/Src/main.c.obj
 .debug_loclists
                0x000005ad      0x127 CMakeFiles/dart_bms.elf.dir/Core/Src/system_stm32l0xx.c.obj
 .debug_loclists
                0x000006d4       0xe4 CMakeFiles/dart_bms.elf.dir/Core/Src/tim.c.obj
 .debug_loclists
                0x000007b8      0x105 CMakeFiles/dart_bms.elf.dir/Drivers/STM32L0xx_HAL_Driver/Src/stm32l0xx_hal.c.obj
 .debug_loclists
                0x000008bd      0x208 CMakeFiles/dart_bms.elf.dir/Drivers/STM32L0xx_HAL_Driver/Src/stm32l0xx_hal_cortex.c.obj
 .debug_loclists
                0x00000ac5      0x2af CMakeFiles/dart_bms.elf.dir/Drivers/STM32L0xx_HAL_Driver/Src/stm32l0xx_hal_gpio.c.obj
 .debug_loclists
                0x00000d74      0x13e CMakeFiles/dart_bms.elf.dir/Drivers/STM32L0xx_HAL_Driver/Src/stm32l0xx_hal_pwr.c.obj
 .debug_loclists
                0x00000eb2      0x4c7 CMakeFiles/dart_bms.elf.dir/Drivers/STM32L0xx_HAL_Driver/Src/stm32l0xx_hal_rcc.c.obj
 .debug_loclists
                0x00001379      0x401 CMakeFiles/dart_bms.elf.dir/Drivers/STM32L0xx_HAL_Driver/Src/stm32l0xx_hal_rcc_ex.c.obj
 .debug_loclists
                0x0000177a      0xa93 CMakeFiles/dart_bms.elf.dir/Drivers/STM32L0xx_HAL_Driver/Src/stm32l0xx_hal_rtc.c.obj
 .debug_loclists
                0x0000220d      0xd07 CMakeFiles/dart_bms.elf.dir/Drivers/STM32L0xx_HAL_Driver/Src/stm32l0xx_hal_rtc_ex.c.obj
 .debug_loclists
                0x00002f14      0xee5 CMakeFiles/dart_bms.elf.dir/Drivers/STM32L0xx_HAL_Driver/Src/stm32l0xx_hal_smbus.c.obj
 .debug_loclists
                0x00003df9     0x3827 CMakeFiles/dart_bms.elf.dir/Drivers/STM32L0xx_HAL_Driver/Src/stm32l0xx_hal_tim.c.obj
 .debug_loclists
                0x00007620       0x9c CMakeFiles/dart_bms.elf.dir/Drivers/STM32L0xx_HAL_Driver/Src/stm32l0xx_hal_tim_ex.c.obj

.debug_aranges  0x00000000      0xd28
 .debug_aranges
                0x00000000       0x38 CMakeFiles/dart_bms.elf.dir/Core/Src/chalie_leds.c.obj
 .debug_aranges
                0x00000038       0x20 CMakeFiles/dart_bms.elf.dir/Core/Src/gpio.c.obj
 .debug_aranges
                0x00000058       0x60 CMakeFiles/dart_bms.elf.dir/Core/Src/i2c.c.obj
 .debug_aranges
                0x000000b8       0x78 CMakeFiles/dart_bms.elf.dir/Core/Src/main.c.obj
 .debug_aranges
                0x00000130       0x30 CMakeFiles/dart_bms.elf.dir/Core/Src/rtc.c.obj
 .debug_aranges
                0x00000160       0x20 CMakeFiles/dart_bms.elf.dir/Core/Src/stm32l0xx_hal_msp.c.obj
 .debug_aranges
                0x00000180       0x58 CMakeFiles/dart_bms.elf.dir/Core/Src/stm32l0xx_it.c.obj
 .debug_aranges
                0x000001d8       0x28 CMakeFiles/dart_bms.elf.dir/Core/Src/system_stm32l0xx.c.obj
 .debug_aranges
                0x00000200       0x40 CMakeFiles/dart_bms.elf.dir/Core/Src/tim.c.obj
 .debug_aranges
                0x00000240       0x28 CMakeFiles/dart_bms.elf.dir/Core/Startup/startup_stm32l031f6px.s.obj
 .debug_aranges
                0x00000268      0x110 CMakeFiles/dart_bms.elf.dir/Drivers/STM32L0xx_HAL_Driver/Src/stm32l0xx_hal.c.obj
 .debug_aranges
                0x00000378       0x98 CMakeFiles/dart_bms.elf.dir/Drivers/STM32L0xx_HAL_Driver/Src/stm32l0xx_hal_cortex.c.obj
 .debug_aranges
                0x00000410       0x58 CMakeFiles/dart_bms.elf.dir/Drivers/STM32L0xx_HAL_Driver/Src/stm32l0xx_hal_gpio.c.obj
 .debug_aranges
                0x00000468       0xa0 CMakeFiles/dart_bms.elf.dir/Drivers/STM32L0xx_HAL_Driver/Src/stm32l0xx_hal_pwr.c.obj
 .debug_aranges
                0x00000508       0x80 CMakeFiles/dart_bms.elf.dir/Drivers/STM32L0xx_HAL_Driver/Src/stm32l0xx_hal_rcc.c.obj
 .debug_aranges
                0x00000588       0x58 CMakeFiles/dart_bms.elf.dir/Drivers/STM32L0xx_HAL_Driver/Src/stm32l0xx_hal_rcc_ex.c.obj
 .debug_aranges
                0x000005e0       0xe8 CMakeFiles/dart_bms.elf.dir/Drivers/STM32L0xx_HAL_Driver/Src/stm32l0xx_hal_rtc.c.obj
 .debug_aranges
                0x000006c8      0x130 CMakeFiles/dart_bms.elf.dir/Drivers/STM32L0xx_HAL_Driver/Src/stm32l0xx_hal_rtc_ex.c.obj
 .debug_aranges
                0x000007f8      0x138 CMakeFiles/dart_bms.elf.dir/Drivers/STM32L0xx_HAL_Driver/Src/stm32l0xx_hal_smbus.c.obj
 .debug_aranges
                0x00000930      0x3d0 CMakeFiles/dart_bms.elf.dir/Drivers/STM32L0xx_HAL_Driver/Src/stm32l0xx_hal_tim.c.obj
 .debug_aranges
                0x00000d00       0x28 CMakeFiles/dart_bms.elf.dir/Drivers/STM32L0xx_HAL_Driver/Src/stm32l0xx_hal_tim_ex.c.obj

.debug_rnglists
                0x00000000      0x9f3
 .debug_rnglists
                0x00000000       0x28 CMakeFiles/dart_bms.elf.dir/Core/Src/chalie_leds.c.obj
 .debug_rnglists
                0x00000028       0x13 CMakeFiles/dart_bms.elf.dir/Core/Src/gpio.c.obj
 .debug_rnglists
                0x0000003b       0x43 CMakeFiles/dart_bms.elf.dir/Core/Src/i2c.c.obj
 .debug_rnglists
                0x0000007e       0x5a CMakeFiles/dart_bms.elf.dir/Core/Src/main.c.obj
 .debug_rnglists
                0x000000d8       0x20 CMakeFiles/dart_bms.elf.dir/Core/Src/rtc.c.obj
 .debug_rnglists
                0x000000f8       0x13 CMakeFiles/dart_bms.elf.dir/Core/Src/stm32l0xx_hal_msp.c.obj
 .debug_rnglists
                0x0000010b       0x3d CMakeFiles/dart_bms.elf.dir/Core/Src/stm32l0xx_it.c.obj
 .debug_rnglists
                0x00000148       0x1a CMakeFiles/dart_bms.elf.dir/Core/Src/system_stm32l0xx.c.obj
 .debug_rnglists
                0x00000162       0x2c CMakeFiles/dart_bms.elf.dir/Core/Src/tim.c.obj
 .debug_rnglists
                0x0000018e       0x19 CMakeFiles/dart_bms.elf.dir/Core/Startup/startup_stm32l031f6px.s.obj
 .debug_rnglists
                0x000001a7       0xc7 CMakeFiles/dart_bms.elf.dir/Drivers/STM32L0xx_HAL_Driver/Src/stm32l0xx_hal.c.obj
 .debug_rnglists
                0x0000026e       0x79 CMakeFiles/dart_bms.elf.dir/Drivers/STM32L0xx_HAL_Driver/Src/stm32l0xx_hal_cortex.c.obj
 .debug_rnglists
                0x000002e7       0x3f CMakeFiles/dart_bms.elf.dir/Drivers/STM32L0xx_HAL_Driver/Src/stm32l0xx_hal_gpio.c.obj
 .debug_rnglists
                0x00000326       0x75 CMakeFiles/dart_bms.elf.dir/Drivers/STM32L0xx_HAL_Driver/Src/stm32l0xx_hal_pwr.c.obj
 .debug_rnglists
                0x0000039b       0x7e CMakeFiles/dart_bms.elf.dir/Drivers/STM32L0xx_HAL_Driver/Src/stm32l0xx_hal_rcc.c.obj
 .debug_rnglists
                0x00000419       0x3f CMakeFiles/dart_bms.elf.dir/Drivers/STM32L0xx_HAL_Driver/Src/stm32l0xx_hal_rcc_ex.c.obj
 .debug_rnglists
                0x00000458       0xb1 CMakeFiles/dart_bms.elf.dir/Drivers/STM32L0xx_HAL_Driver/Src/stm32l0xx_hal_rtc.c.obj
 .debug_rnglists
                0x00000509       0xe9 CMakeFiles/dart_bms.elf.dir/Drivers/STM32L0xx_HAL_Driver/Src/stm32l0xx_hal_rtc_ex.c.obj
 .debug_rnglists
                0x000005f2       0xf0 CMakeFiles/dart_bms.elf.dir/Drivers/STM32L0xx_HAL_Driver/Src/stm32l0xx_hal_smbus.c.obj
 .debug_rnglists
                0x000006e2      0x2f8 CMakeFiles/dart_bms.elf.dir/Drivers/STM32L0xx_HAL_Driver/Src/stm32l0xx_hal_tim.c.obj
 .debug_rnglists
                0x000009da       0x19 CMakeFiles/dart_bms.elf.dir/Drivers/STM32L0xx_HAL_Driver/Src/stm32l0xx_hal_tim_ex.c.obj

.debug_line     0x00000000     0xdc16
 .debug_line    0x00000000      0x580 CMakeFiles/dart_bms.elf.dir/Core/Src/chalie_leds.c.obj
 .debug_line    0x00000580      0x22d CMakeFiles/dart_bms.elf.dir/Core/Src/gpio.c.obj
 .debug_line    0x000007ad      0x58a CMakeFiles/dart_bms.elf.dir/Core/Src/i2c.c.obj
 .debug_line    0x00000d37      0xbfd CMakeFiles/dart_bms.elf.dir/Core/Src/main.c.obj
 .debug_line    0x00001934      0x3ce CMakeFiles/dart_bms.elf.dir/Core/Src/rtc.c.obj
 .debug_line    0x00001d02      0x196 CMakeFiles/dart_bms.elf.dir/Core/Src/stm32l0xx_hal_msp.c.obj
 .debug_line    0x00001e98      0x323 CMakeFiles/dart_bms.elf.dir/Core/Src/stm32l0xx_it.c.obj
 .debug_line    0x000021bb      0x298 CMakeFiles/dart_bms.elf.dir/Core/Src/system_stm32l0xx.c.obj
 .debug_line    0x00002453      0x4f3 CMakeFiles/dart_bms.elf.dir/Core/Src/tim.c.obj
 .debug_line    0x00002946       0x7b CMakeFiles/dart_bms.elf.dir/Core/Startup/startup_stm32l031f6px.s.obj
 .debug_line    0x000029c1      0x6ed CMakeFiles/dart_bms.elf.dir/Drivers/STM32L0xx_HAL_Driver/Src/stm32l0xx_hal.c.obj
 .debug_line    0x000030ae      0x5a8 CMakeFiles/dart_bms.elf.dir/Drivers/STM32L0xx_HAL_Driver/Src/stm32l0xx_hal_cortex.c.obj
 .debug_line    0x00003656      0x716 CMakeFiles/dart_bms.elf.dir/Drivers/STM32L0xx_HAL_Driver/Src/stm32l0xx_hal_gpio.c.obj
 .debug_line    0x00003d6c      0x54f CMakeFiles/dart_bms.elf.dir/Drivers/STM32L0xx_HAL_Driver/Src/stm32l0xx_hal_pwr.c.obj
 .debug_line    0x000042bb      0xf05 CMakeFiles/dart_bms.elf.dir/Drivers/STM32L0xx_HAL_Driver/Src/stm32l0xx_hal_rcc.c.obj
 .debug_line    0x000051c0      0x71f CMakeFiles/dart_bms.elf.dir/Drivers/STM32L0xx_HAL_Driver/Src/stm32l0xx_hal_rcc_ex.c.obj
 .debug_line    0x000058df     0x11a8 CMakeFiles/dart_bms.elf.dir/Drivers/STM32L0xx_HAL_Driver/Src/stm32l0xx_hal_rtc.c.obj
 .debug_line    0x00006a87     0x14f5 CMakeFiles/dart_bms.elf.dir/Drivers/STM32L0xx_HAL_Driver/Src/stm32l0xx_hal_rtc_ex.c.obj
 .debug_line    0x00007f7c     0x18ba CMakeFiles/dart_bms.elf.dir/Drivers/STM32L0xx_HAL_Driver/Src/stm32l0xx_hal_smbus.c.obj
 .debug_line    0x00009836     0x40bd CMakeFiles/dart_bms.elf.dir/Drivers/STM32L0xx_HAL_Driver/Src/stm32l0xx_hal_tim.c.obj
 .debug_line    0x0000d8f3      0x323 CMakeFiles/dart_bms.elf.dir/Drivers/STM32L0xx_HAL_Driver/Src/stm32l0xx_hal_tim_ex.c.obj

.debug_str      0x00000000     0x4505
 .debug_str     0x00000000     0x4505 CMakeFiles/dart_bms.elf.dir/Core/Src/chalie_leds.c.obj
                                0x4c2 (size before relaxing)
 .debug_str     0x00004505      0x346 CMakeFiles/dart_bms.elf.dir/Core/Src/gpio.c.obj
 .debug_str     0x00004505      0x90e CMakeFiles/dart_bms.elf.dir/Core/Src/i2c.c.obj
 .debug_str     0x00004505     0x14c2 CMakeFiles/dart_bms.elf.dir/Core/Src/main.c.obj
 .debug_str     0x00004505      0x5db CMakeFiles/dart_bms.elf.dir/Core/Src/rtc.c.obj
 .debug_str     0x00004505      0x2b8 CMakeFiles/dart_bms.elf.dir/Core/Src/stm32l0xx_hal_msp.c.obj
 .debug_str     0x00004505      0x8fd CMakeFiles/dart_bms.elf.dir/Core/Src/stm32l0xx_it.c.obj
 .debug_str     0x00004505      0x345 CMakeFiles/dart_bms.elf.dir/Core/Src/system_stm32l0xx.c.obj
 .debug_str     0x00004505      0xb69 CMakeFiles/dart_bms.elf.dir/Core/Src/tim.c.obj
 .debug_str     0x00004505       0xd9 CMakeFiles/dart_bms.elf.dir/Core/Startup/startup_stm32l031f6px.s.obj
 .debug_str     0x00004505      0x88e CMakeFiles/dart_bms.elf.dir/Drivers/STM32L0xx_HAL_Driver/Src/stm32l0xx_hal.c.obj
 .debug_str     0x00004505      0x633 CMakeFiles/dart_bms.elf.dir/Drivers/STM32L0xx_HAL_Driver/Src/stm32l0xx_hal_cortex.c.obj
 .debug_str     0x00004505      0x4c5 CMakeFiles/dart_bms.elf.dir/Drivers/STM32L0xx_HAL_Driver/Src/stm32l0xx_hal_gpio.c.obj
 .debug_str     0x00004505      0x550 CMakeFiles/dart_bms.elf.dir/Drivers/STM32L0xx_HAL_Driver/Src/stm32l0xx_hal_pwr.c.obj
 .debug_str     0x00004505      0x765 CMakeFiles/dart_bms.elf.dir/Drivers/STM32L0xx_HAL_Driver/Src/stm32l0xx_hal_rcc.c.obj
 .debug_str     0x00004505      0x53b CMakeFiles/dart_bms.elf.dir/Drivers/STM32L0xx_HAL_Driver/Src/stm32l0xx_hal_rcc_ex.c.obj
 .debug_str     0x00004505      0x7fb CMakeFiles/dart_bms.elf.dir/Drivers/STM32L0xx_HAL_Driver/Src/stm32l0xx_hal_rtc.c.obj
 .debug_str     0x00004505      0xada CMakeFiles/dart_bms.elf.dir/Drivers/STM32L0xx_HAL_Driver/Src/stm32l0xx_hal_rtc_ex.c.obj
 .debug_str     0x00004505      0x89b CMakeFiles/dart_bms.elf.dir/Drivers/STM32L0xx_HAL_Driver/Src/stm32l0xx_hal_smbus.c.obj
 .debug_str     0x00004505     0x15ff CMakeFiles/dart_bms.elf.dir/Drivers/STM32L0xx_HAL_Driver/Src/stm32l0xx_hal_tim.c.obj
 .debug_str     0x00004505      0x7b4 CMakeFiles/dart_bms.elf.dir/Drivers/STM32L0xx_HAL_Driver/Src/stm32l0xx_hal_tim_ex.c.obj

.comment        0x00000000       0x45
 .comment       0x00000000       0x45 CMakeFiles/dart_bms.elf.dir/Core/Src/chalie_leds.c.obj
                                 0x46 (size before relaxing)
 .comment       0x00000045       0x46 CMakeFiles/dart_bms.elf.dir/Core/Src/gpio.c.obj
 .comment       0x00000045       0x46 CMakeFiles/dart_bms.elf.dir/Core/Src/i2c.c.obj
 .comment       0x00000045       0x46 CMakeFiles/dart_bms.elf.dir/Core/Src/main.c.obj
 .comment       0x00000045       0x46 CMakeFiles/dart_bms.elf.dir/Core/Src/rtc.c.obj
 .comment       0x00000045       0x46 CMakeFiles/dart_bms.elf.dir/Core/Src/stm32l0xx_hal_msp.c.obj
 .comment       0x00000045       0x46 CMakeFiles/dart_bms.elf.dir/Core/Src/stm32l0xx_it.c.obj
 .comment       0x00000045       0x46 CMakeFiles/dart_bms.elf.dir/Core/Src/system_stm32l0xx.c.obj
 .comment       0x00000045       0x46 CMakeFiles/dart_bms.elf.dir/Core/Src/tim.c.obj
 .comment       0x00000045       0x46 CMakeFiles/dart_bms.elf.dir/Drivers/STM32L0xx_HAL_Driver/Src/stm32l0xx_hal.c.obj
 .comment       0x00000045       0x46 CMakeFiles/dart_bms.elf.dir/Drivers/STM32L0xx_HAL_Driver/Src/stm32l0xx_hal_cortex.c.obj
 .comment       0x00000045       0x46 CMakeFiles/dart_bms.elf.dir/Drivers/STM32L0xx_HAL_Driver/Src/stm32l0xx_hal_gpio.c.obj
 .comment       0x00000045       0x46 CMakeFiles/dart_bms.elf.dir/Drivers/STM32L0xx_HAL_Driver/Src/stm32l0xx_hal_pwr.c.obj
 .comment       0x00000045       0x46 CMakeFiles/dart_bms.elf.dir/Drivers/STM32L0xx_HAL_Driver/Src/stm32l0xx_hal_rcc.c.obj
 .comment       0x00000045       0x46 CMakeFiles/dart_bms.elf.dir/Drivers/STM32L0xx_HAL_Driver/Src/stm32l0xx_hal_rcc_ex.c.obj
 .comment       0x00000045       0x46 CMakeFiles/dart_bms.elf.dir/Drivers/STM32L0xx_HAL_Driver/Src/stm32l0xx_hal_rtc.c.obj
 .comment       0x00000045       0x46 CMakeFiles/dart_bms.elf.dir/Drivers/STM32L0xx_HAL_Driver/Src/stm32l0xx_hal_rtc_ex.c.obj
 .comment       0x00000045       0x46 CMakeFiles/dart_bms.elf.dir/Drivers/STM32L0xx_HAL_Driver/Src/stm32l0xx_hal_smbus.c.obj
 .comment       0x00000045       0x46 CMakeFiles/dart_bms.elf.dir/Drivers/STM32L0xx_HAL_Driver/Src/stm32l0xx_hal_tim.c.obj
 .comment       0x00000045       0x46 CMakeFiles/dart_bms.elf.dir/Drivers/STM32L0xx_HAL_Driver/Src/stm32l0xx_hal_tim_ex.c.obj

.debug_frame    0x00000000     0x2378
 .debug_frame   0x00000000       0x70 CMakeFiles/dart_bms.elf.dir/Core/Src/chalie_leds.c.obj
 .debug_frame   0x00000070       0x2c CMakeFiles/dart_bms.elf.dir/Core/Src/gpio.c.obj
 .debug_frame   0x0000009c       0xf8 CMakeFiles/dart_bms.elf.dir/Core/Src/i2c.c.obj
 .debug_frame   0x00000194      0x13c CMakeFiles/dart_bms.elf.dir/Core/Src/main.c.obj
 .debug_frame   0x000002d0       0x48 CMakeFiles/dart_bms.elf.dir/Core/Src/rtc.c.obj
 .debug_frame   0x00000318       0x20 CMakeFiles/dart_bms.elf.dir/Core/Src/stm32l0xx_hal_msp.c.obj
 .debug_frame   0x00000338       0xb0 CMakeFiles/dart_bms.elf.dir/Core/Src/stm32l0xx_it.c.obj
 .debug_frame   0x000003e8       0x38 CMakeFiles/dart_bms.elf.dir/Core/Src/system_stm32l0xx.c.obj
 .debug_frame   0x00000420       0x88 CMakeFiles/dart_bms.elf.dir/Core/Src/tim.c.obj
 .debug_frame   0x000004a8      0x22c CMakeFiles/dart_bms.elf.dir/Drivers/STM32L0xx_HAL_Driver/Src/stm32l0xx_hal.c.obj
 .debug_frame   0x000006d4      0x144 CMakeFiles/dart_bms.elf.dir/Drivers/STM32L0xx_HAL_Driver/Src/stm32l0xx_hal_cortex.c.obj
 .debug_frame   0x00000818       0xc0 CMakeFiles/dart_bms.elf.dir/Drivers/STM32L0xx_HAL_Driver/Src/stm32l0xx_hal_gpio.c.obj
 .debug_frame   0x000008d8      0x140 CMakeFiles/dart_bms.elf.dir/Drivers/STM32L0xx_HAL_Driver/Src/stm32l0xx_hal_pwr.c.obj
 .debug_frame   0x00000a18      0x140 CMakeFiles/dart_bms.elf.dir/Drivers/STM32L0xx_HAL_Driver/Src/stm32l0xx_hal_rcc.c.obj
 .debug_frame   0x00000b58       0xac CMakeFiles/dart_bms.elf.dir/Drivers/STM32L0xx_HAL_Driver/Src/stm32l0xx_hal_rcc_ex.c.obj
 .debug_frame   0x00000c04      0x270 CMakeFiles/dart_bms.elf.dir/Drivers/STM32L0xx_HAL_Driver/Src/stm32l0xx_hal_rtc.c.obj
 .debug_frame   0x00000e74      0x388 CMakeFiles/dart_bms.elf.dir/Drivers/STM32L0xx_HAL_Driver/Src/stm32l0xx_hal_rtc_ex.c.obj
 .debug_frame   0x000011fc      0x360 CMakeFiles/dart_bms.elf.dir/Drivers/STM32L0xx_HAL_Driver/Src/stm32l0xx_hal_smbus.c.obj
 .debug_frame   0x0000155c      0xacc CMakeFiles/dart_bms.elf.dir/Drivers/STM32L0xx_HAL_Driver/Src/stm32l0xx_hal_tim.c.obj
 .debug_frame   0x00002028       0x3c CMakeFiles/dart_bms.elf.dir/Drivers/STM32L0xx_HAL_Driver/Src/stm32l0xx_hal_tim_ex.c.obj
 .debug_frame   0x00002064       0x20 D:/Tool/arm-none-eabi/bin/../lib/gcc/arm-none-eabi/14.2.1/thumb/v6-m/nofp\libgcc.a(_udivsi3.o)
 .debug_frame   0x00002084       0x34 D:/Tool/arm-none-eabi/bin/../lib/gcc/arm-none-eabi/14.2.1/thumb/v6-m/nofp\libgcc.a(_muldi3.o)
 .debug_frame   0x000020b8       0x3c D:/Tool/arm-none-eabi/bin/../lib/gcc/arm-none-eabi/14.2.1/thumb/v6-m/nofp\libgcc.a(_udivmoddi4.o)
 .debug_frame   0x000020f4       0x3c D:/Tool/arm-none-eabi/bin/../lib/gcc/arm-none-eabi/14.2.1/thumb/v6-m/nofp\libgcc.a(divdf3.o)
 .debug_frame   0x00002130       0x30 D:/Tool/arm-none-eabi/bin/../lib/gcc/arm-none-eabi/14.2.1/thumb/v6-m/nofp\libgcc.a(fixdfsi.o)
 .debug_frame   0x00002160       0x2c D:/Tool/arm-none-eabi/bin/../lib/gcc/arm-none-eabi/14.2.1/thumb/v6-m/nofp\libgcc.a(floatsidf.o)
 .debug_frame   0x0000218c       0x30 D:/Tool/arm-none-eabi/bin/../lib/gcc/arm-none-eabi/14.2.1/thumb/v6-m/nofp\libg.a(libc_a-memset.o)
 .debug_frame   0x000021bc       0x2c D:/Tool/arm-none-eabi/bin/../lib/gcc/arm-none-eabi/14.2.1/thumb/v6-m/nofp\libg.a(libc_a-init.o)
 .debug_frame   0x000021e8       0xb0 D:/Tool/arm-none-eabi/bin/../lib/gcc/arm-none-eabi/14.2.1/thumb/v6-m/nofp\libg.a(libc_a-lock.o)
 .debug_frame   0x00002298       0x54 D:/Tool/arm-none-eabi/bin/../lib/gcc/arm-none-eabi/14.2.1/thumb/v6-m/nofp\libg.a(libc_a-__call_atexit.o)
 .debug_frame   0x000022ec       0x28 D:/Tool/arm-none-eabi/bin/../lib/gcc/arm-none-eabi/14.2.1/thumb/v6-m/nofp\libg.a(libc_a-atexit.o)
 .debug_frame   0x00002314       0x2c D:/Tool/arm-none-eabi/bin/../lib/gcc/arm-none-eabi/14.2.1/thumb/v6-m/nofp\libg.a(libc_a-fini.o)
 .debug_frame   0x00002340       0x38 D:/Tool/arm-none-eabi/bin/../lib/gcc/arm-none-eabi/14.2.1/thumb/v6-m/nofp\libg.a(libc_a-__atexit.o)

.debug_line_str
                0x00000000      0x192
 .debug_line_str
                0x00000000      0x192 CMakeFiles/dart_bms.elf.dir/Core/Startup/startup_stm32l031f6px.s.obj
                                 0xbd (size before relaxing)
 .debug_line_str
                0x00000192       0xc9 D:/Tool/arm-none-eabi/bin/../lib/gcc/arm-none-eabi/14.2.1/thumb/v6-m/nofp\libgcc.a(_udivsi3.o)
 .debug_line_str
                0x00000192       0xc9 D:/Tool/arm-none-eabi/bin/../lib/gcc/arm-none-eabi/14.2.1/thumb/v6-m/nofp\libgcc.a(_dvmd_tls.o)
 .debug_line_str
                0x00000192       0xc9 D:/Tool/arm-none-eabi/bin/../lib/gcc/arm-none-eabi/14.2.1/thumb/v6-m/nofp\libgcc.a(_aeabi_uldivmod.o)
 .debug_line_str
                0x00000192       0xc9 D:/Tool/arm-none-eabi/bin/../lib/gcc/arm-none-eabi/14.2.1/thumb/v6-m/nofp\libgcc.a(_clzsi2.o)
 .debug_line_str
                0x00000192       0xc9 D:/Tool/arm-none-eabi/bin/../lib/gcc/arm-none-eabi/14.2.1/thumb/v6-m/nofp\libgcc.a(_clzdi2.o)
